09-25 13:09:04.044  4164  4164 D BatteryMeterDrawable: isSomethingChanged - false
09-25 13:09:04.045  4164  4164 D BatteryMeterDrawable: isSomethingChanged - false
09-25 13:09:04.047  4164  4164 D BatteryController: onReceive - ACTION_BATTERY_CHANGED : mLevel = 98
09-25 13:09:05.105  3753  3753 D UsbMonitorService: readUsbState++
09-25 13:09:05.110  3753  3753 D UsbMonitorService: !@readUsbState 0 0 0 0 0 0 0 0 0 0 0 0 1 0 0 0 0 0 0 0 0 0 0 0 0 0 0 0 0 0 0 0
09-25 13:09:05.111  3753  3753 D UsbMonitorService: stringToFile /efs/usb_hw_param/usb_hw_param.log , 0 0 0 0 0 0 0 0 0 0 0 0 1 0 0 0 0 0 0 0 0 0 0 0 0 0 0 0 0 0 0 0
09-25 13:09:05.113  3753  3753 D UsbMonitorService: Posting Message again
09-25 13:09:05.928  3753  6140 D SSRM:p  : SIOP:: AP = 320, PST = 316 (W:15), CP = 302, CUR = 320, LCD = 148
09-25 13:09:05.936  3753  6140 D SSRM:H  : ssrm_camera_info is null
09-25 13:09:05.953  3753  6140 D SSRM:j  : ATC: power = AP = 416, LCD = 123, WIFI = 0, Camera = 0(Sensor:0, Comp:0), 
09-25 13:09:05.953  3753  6140 D SSRM:j  : ATC: current = AP = 104, LCD = 33, WIFI = 0, Camera = 0(Sensor:0, Comp:0), 
09-25 13:09:05.955  3753  6140 D SSRM:j  : ATC: Ambient Temperature = 31.50, Skin temperature = 32.52
09-25 13:09:06.640  3753  3986 D WifiStateMachine: Current network is: "Center ID" , ID is: 0
09-25 13:09:08.429 28918  9384 I PlayCommon: [3706] com.google.android.play.a.g.e(244): Preparing logs for uploading
09-25 13:09:08.432 28918  9384 I PlayCommon: [3706] com.google.android.play.a.g.e(248): No file ready to send
09-25 13:09:08.451 28918 28935 I PlayCommon: [3663] com.google.android.play.a.g.e(244): Preparing logs for uploading
09-25 13:09:08.453 28918 28935 I PlayCommon: [3663] com.google.android.play.a.g.e(248): No file ready to send
09-25 13:09:09.291  3753  4481 E Watchdog: !@Sync 22907 [25_Sep_13_09_09.291]
09-25 13:09:09.732  3753  3986 D WifiStateMachine: Current network is: "Center ID" , ID is: 0
09-25 13:09:12.778  3753  3986 D WifiStateMachine: Current network is: "Center ID" , ID is: 0
09-25 13:09:12.921  4885  4885 D io_stats: !@   8,0 r 1460644 104842724 w 2512269 46503228 d 156561 74045816 f 779620 838420 iot 2278636 1727286 th 363896 0 0 pt 0 inp 0 0 687643.729
09-25 13:09:13.944  3753  4064 D WifiWatchdogStateMachine:  [|214] []
09-25 13:09:14.173  3753  7288 D BatteryService: !@BatteryListener : batteryPropertiesChanged!
09-25 13:09:14.174  3753  7288 D BatteryService: level:98, scale:100, status:2, health:2, present:true, voltage: 4279, temperature: 285, technology: Li-ion, AC powered:false, USB powered:true, POGO powered:false, Wireless powered:false, icon:17303711, invalid charger:0, maxChargingCurrent:0, maxChargingVoltage:0, chargeCounter:0
09-25 13:09:14.174  3753  7288 D BatteryService: online:4, current avg:327, charge type:1, power sharing:false, high voltage charger:false, capacity:280000, batterySWSelfDischarging:false, misc_event:0, current_event:0, current_now:354
09-25 13:09:14.175  3753  3753 D BatteryService: Sending ACTION_BATTERY_CHANGED.
09-25 13:09:14.185  4164  4164 D KeyguardUpdateMonitor: received broadcast android.intent.action.BATTERY_CHANGED
09-25 13:09:14.188  3753  3753 D SamsungPhoneWindowManager: ACTION_BATTERY_CHANGED - Level :: 98, battStatus :: 2
09-25 13:09:14.189  3753  3753 V UiModeManager: updateLocked: null action, mDockState=0, category=null
09-25 13:09:14.189  3753  3753 D UiModeManager: updateConfigurationLocked: mDockState=0; mCarMode=false; mNightMode=1; uiMode=17
09-25 13:09:14.189  3753  3753 D GameManagerService: new battery level: 98
09-25 13:09:14.189  4164  4164 D PowerUI : priorPlugType = 2 mPlugType =  2
09-25 13:09:14.192  4164  4164 D PowerUI.Notification: showChargingNotice oldChargingType : 1 currentChargingType : 1 oldChargingTime : 271000 mChargingTime : 251000
09-25 13:09:14.192  4164  4164 D PowerUI.Notification: showChargingNotification()
09-25 13:09:14.198  4085  4085 V HeadsetService: HeadsetService - Received Intent.ACTION_BATTERY_CHANGED
09-25 13:09:14.199  4085  4990 D HeadsetStateMachine: Disconnected process message: 10, size: 0
09-25 13:09:14.206  3753  4563 D ApplicationPolicy: isStatusBarNotificationAllowedAsUser: packageName = com.android.systemui,userId = -1
09-25 13:09:14.207  4164  4164 D KeyguardUpdateMonitor: handleBatteryUpdate
09-25 13:09:14.210  4164  4164 D BatteryMeterDrawable: isSomethingChanged - false
09-25 13:09:14.211  4164  4164 D BatteryMeterDrawable: isSomethingChanged - false
09-25 13:09:14.212  4164  4164 D BatteryController: onReceive - ACTION_BATTERY_CHANGED : mLevel = 98
09-25 13:09:14.875  5218  5270 D ContactsProvider_EventLog: contents_sample_state: [ contacts(0) data(0) accounts({}) accounts deleted({}) calls([]) countryIso(US) userId(0)  ]
09-25 13:09:14.875  5218  5270 D ContactsProvider_EventLog: contents_sample_state: [ agr({})  ]
09-25 13:09:14.875  5218  5270 D ContactsProvider_EventLog: contents_sample_state: [ actCnt({android.process.acore=1})  ]
09-25 13:09:14.887  5218  5270 E ContactsProvider_EventLog: Flush buffer to file cnt : 1 size : 0Kb duration : 9ms lastUpdatedAfter : 60109 ms mFlush_time_threasold : 2000 mCurrentSize : 257
09-25 13:09:15.828  3753  3986 D WifiStateMachine: Current network is: "Center ID" , ID is: 0
09-25 13:09:15.981  3753  6140 D SSRM:p  : SIOP:: AP = 320, PST = 317 (W:15), CP = 301, CUR = 327, LCD = 148
09-25 13:09:15.990  3753  6140 D SSRM:H  : ssrm_camera_info is null
09-25 13:09:16.005  4164  4614 D NetworkController.MobileSignalController(0/-2): onSignalStrengthsChanged signalStrength=SignalStrength: 17 99 -17 -200 -17 -200 -1 99 2147483647 2147483647 2147483647 2147483647 2147483647 0x4 gsm|lte level=4
09-25 13:09:16.005  4164  4614 D NetworkController.MobileSignalController(0/-2): getMobileIconGroup(): 0
09-25 13:09:16.005  4164  4614 D NetworkController.MobileSignalController(0/-2): updateLTEMobileIconGroup(): 0
09-25 13:09:16.012  3753  6140 D SSRM:j  : ATC: power = AP = 396, LCD = 123, WIFI = 0, Camera = 0(Sensor:0, Comp:0), 
09-25 13:09:16.012  3753  6140 D SSRM:j  : ATC: current = AP = 99, LCD = 33, WIFI = 0, Camera = 0(Sensor:0, Comp:0), 
09-25 13:09:16.013  3753  6140 D SSRM:j  : ATC: Ambient Temperature = 31.53, Skin temperature = 32.54
09-25 13:09:17.926  4885  4885 D io_stats: !@   8,0 r 1460644 104842724 w 2512289 46503416 d 156565 74045832 f 779626 838426 iot 2278644 1727295 th 363740 0 0 pt 0 inp 0 0 687648.734
09-25 13:09:18.867  3753  3986 D WifiStateMachine: Current network is: "Center ID" , ID is: 0
09-25 13:09:20.005  3753  3753 V DeviceStorageMonitorService: restatDataDir : /data= 1778287/1789952
09-25 13:09:20.005  3753  3753 V DeviceStorageMonitorService: freeMemory=52179972096
09-25 13:09:20.005  3753  3753 I DeviceStorageMonitorService: Posting Message again
09-25 13:09:21.905  3753  3986 D WifiStateMachine: Current network is: "Center ID" , ID is: 0
09-25 13:09:22.931  4885  4885 D io_stats: !@   8,0 r 1460644 104842724 w 2512306 46503532 d 156566 74045836 f 779627 838427 iot 2278652 1727299 th 363712 0 0 pt 0 inp 0 0 687653.739
09-25 13:09:24.309  3753 32521 D BatteryService: !@BatteryListener : batteryPropertiesChanged!
09-25 13:09:24.310  3753 32521 D BatteryService: level:98, scale:100, status:2, health:2, present:true, voltage: 4282, temperature: 285, technology: Li-ion, AC powered:false, USB powered:true, POGO powered:false, Wireless powered:false, icon:17303711, invalid charger:0, maxChargingCurrent:0, maxChargingVoltage:0, chargeCounter:0
09-25 13:09:24.310  3753 32521 D BatteryService: online:4, current avg:334, charge type:1, power sharing:false, high voltage charger:false, capacity:280000, batterySWSelfDischarging:false, misc_event:0, current_event:0, current_now:347
09-25 13:09:24.310  3753  3753 D BatteryService: Sending ACTION_BATTERY_CHANGED.
09-25 13:09:24.318  3753  3753 D SamsungPhoneWindowManager: ACTION_BATTERY_CHANGED - Level :: 98, battStatus :: 2
09-25 13:09:24.318  3753  3753 V UiModeManager: updateLocked: null action, mDockState=0, category=null
09-25 13:09:24.318  3753  3753 D UiModeManager: updateConfigurationLocked: mDockState=0; mCarMode=false; mNightMode=1; uiMode=17
09-25 13:09:24.319  3753  3753 D GameManagerService: new battery level: 98
09-25 13:09:24.321  4164  4164 D KeyguardUpdateMonitor: received broadcast android.intent.action.BATTERY_CHANGED
09-25 13:09:24.324  4164  4164 D PowerUI : priorPlugType = 2 mPlugType =  2
09-25 13:09:24.326  4164  4164 D PowerUI.Notification: showChargingNotice oldChargingType : 1 currentChargingType : 1 oldChargingTime : 251000 mChargingTime : 251000
09-25 13:09:24.327  4164  4164 D PowerUI.Notification: There is no change about charging status, so return!
09-25 13:09:24.327  4164  4164 D KeyguardUpdateMonitor: handleBatteryUpdate
09-25 13:09:24.333  4164  4164 D BatteryMeterDrawable: isSomethingChanged - false
09-25 13:09:24.334  4085  4085 V HeadsetService: HeadsetService - Received Intent.ACTION_BATTERY_CHANGED
09-25 13:09:24.335  4164  4164 D BatteryMeterDrawable: isSomethingChanged - false
09-25 13:09:24.335  4085  4990 D HeadsetStateMachine: Disconnected process message: 10, size: 0
09-25 13:09:24.339  4164  4164 D BatteryController: onReceive - ACTION_BATTERY_CHANGED : mLevel = 98
09-25 13:09:24.953  3753  3986 D WifiStateMachine: Current network is: "Center ID" , ID is: 0
09-25 13:09:25.504  3753  3921 D SamsungAlarmManager: Expired : 8
09-25 13:09:25.506  3753  3921 V SamsungAlarmManager: Sending to uid : 10026 action=null alarm=Alarm{816120c type 3 when 3619425280 com.google.android.gms}
09-25 13:09:25.523  3753  3824 D CompatibilityInfo: mCompatibilityFlags - 0
09-25 13:09:25.523  3753  3824 D CompatibilityInfo: applicationDensity - 420
09-25 13:09:25.523  3753  3824 D CompatibilityInfo: applicationScale - 1.0
09-25 13:09:25.536  3753 32522 D CompatibilityInfo: mCompatibilityFlags - 0
09-25 13:09:25.536  3753 32522 D CompatibilityInfo: applicationDensity - 420
09-25 13:09:25.536  3753 32522 D CompatibilityInfo: applicationScale - 1.0
09-25 13:09:25.565  3753  5145 D CompatibilityInfo: mCompatibilityFlags - 0
09-25 13:09:25.565  3753  5145 D CompatibilityInfo: applicationDensity - 420
09-25 13:09:25.565  3753  5145 D CompatibilityInfo: applicationScale - 1.0
09-25 13:09:25.576  3753 23162 D CompatibilityInfo: mCompatibilityFlags - 0
09-25 13:09:25.576  3753 23162 D CompatibilityInfo: applicationDensity - 420
09-25 13:09:25.576  3753 23162 D CompatibilityInfo: applicationScale - 1.0
09-25 13:09:25.585  3753  5167 D CompatibilityInfo: mCompatibilityFlags - 0
09-25 13:09:25.585  3753  5167 D CompatibilityInfo: applicationDensity - 420
09-25 13:09:25.585  3753  5167 D CompatibilityInfo: applicationScale - 1.0
09-25 13:09:25.637  3753  7933 D CompatibilityInfo: mCompatibilityFlags - 0
09-25 13:09:25.637  3753  7933 D CompatibilityInfo: applicationDensity - 420
09-25 13:09:25.637  3753  7933 D CompatibilityInfo: applicationScale - 1.0
09-25 13:09:25.699  3753 23223 D SamsungAlarmManager: setInexact Intent (T:3/F:0/AC:false) 20170925T131025 - CU:10026/CP:28476
09-25 13:09:26.039  3753  6140 D SSRM:p  : SIOP:: AP = 320, PST = 318 (W:15), CP = 300, CUR = 330, LCD = 148
09-25 13:09:26.051  3753  6140 D SSRM:H  : ssrm_camera_info is null
09-25 13:09:26.071  3753  6140 D SSRM:j  : ATC: power = AP = 384, LCD = 123, WIFI = 0, Camera = 0(Sensor:0, Comp:0), 
09-25 13:09:26.071  3753  6140 D SSRM:j  : ATC: current = AP = 96, LCD = 33, WIFI = 0, Camera = 0(Sensor:0, Comp:0), 
09-25 13:09:26.072  3753  6140 D SSRM:j  : ATC: Ambient Temperature = 31.56, Skin temperature = 32.56
09-25 13:09:27.459  3753  3922 I BarTender:GATHERERGPS: [GPS] gather SamsungGpsInfo
09-25 13:09:27.936  4885  4885 D io_stats: !@   8,0 r 1460644 104842724 w 2512308 46503544 d 156566 74045836 f 779628 838428 iot 2278656 1727300 th 363624 0 0 pt 0 inp 0 0 687658.744
09-25 13:09:27.998  3753  3986 D WifiStateMachine: Current network is: "Center ID" , ID is: 0
09-25 13:09:31.035  3753  3986 D WifiStateMachine: Current network is: "Center ID" , ID is: 0
09-25 13:09:32.940  4885  4885 D io_stats: !@   8,0 r 1460644 104842724 w 2512313 46503648 d 156566 74045836 f 779629 838429 iot 2278664 1727302 th 363564 0 0 pt 0 inp 0 0 687663.749
09-25 13:09:34.076  3753  3986 D WifiStateMachine: Current network is: "Center ID" , ID is: 0
09-25 13:09:34.408  3753  5166 D BatteryService: !@BatteryListener : batteryPropertiesChanged!
09-25 13:09:34.408  3753  5166 D BatteryService: level:98, scale:100, status:2, health:2, present:true, voltage: 4282, temperature: 285, technology: Li-ion, AC powered:false, USB powered:true, POGO powered:false, Wireless powered:false, icon:17303711, invalid charger:0, maxChargingCurrent:0, maxChargingVoltage:0, chargeCounter:0
09-25 13:09:34.409  3753  5166 D BatteryService: online:4, current avg:333, charge type:1, power sharing:false, high voltage charger:false, capacity:280000, batterySWSelfDischarging:false, misc_event:0, current_event:0, current_now:313
09-25 13:09:34.410  3753  3753 D BatteryService: Sending ACTION_BATTERY_CHANGED.
09-25 13:09:34.414  3753  3753 D SamsungPhoneWindowManager: ACTION_BATTERY_CHANGED - Level :: 98, battStatus :: 2
09-25 13:09:34.415  3753  3753 V UiModeManager: updateLocked: null action, mDockState=0, category=null
09-25 13:09:34.415  3753  3753 D UiModeManager: updateConfigurationLocked: mDockState=0; mCarMode=false; mNightMode=1; uiMode=17
09-25 13:09:34.415  3753  3753 D GameManagerService: new battery level: 98
09-25 13:09:34.420  4164  4164 D KeyguardUpdateMonitor: received broadcast android.intent.action.BATTERY_CHANGED
09-25 13:09:34.420  4164  4164 D KeyguardUpdateMonitor: handleBatteryUpdate
09-25 13:09:34.429  4164  4164 D PowerUI : priorPlugType = 2 mPlugType =  2
09-25 13:09:34.433  4085  4085 V HeadsetService: HeadsetService - Received Intent.ACTION_BATTERY_CHANGED
09-25 13:09:34.434  4085  4990 D HeadsetStateMachine: Disconnected process message: 10, size: 0
09-25 13:09:34.435  4164  4164 D PowerUI.Notification: showChargingNotice oldChargingType : 1 currentChargingType : 1 oldChargingTime : 251000 mChargingTime : 251000
09-25 13:09:34.436  4164  4164 D PowerUI.Notification: There is no change about charging status, so return!
09-25 13:09:34.439  4164  4164 D BatteryMeterDrawable: isSomethingChanged - false
09-25 13:09:34.441  4164  4164 D BatteryMeterDrawable: isSomethingChanged - false
09-25 13:09:34.442  4164  4164 D BatteryController: onReceive - ACTION_BATTERY_CHANGED : mLevel = 98
09-25 13:09:35.114  3753  3753 D UsbMonitorService: readUsbState++
09-25 13:09:35.116  3753  3753 D UsbMonitorService: !@readUsbState 0 0 0 0 0 0 0 0 0 0 0 0 1 0 0 0 0 0 0 0 0 0 0 0 0 0 0 0 0 0 0 0
09-25 13:09:35.120  3753  3753 D UsbMonitorService: stringToFile /efs/usb_hw_param/usb_hw_param.log , 0 0 0 0 0 0 0 0 0 0 0 0 1 0 0 0 0 0 0 0 0 0 0 0 0 0 0 0 0 0 0 0
09-25 13:09:35.122  3753  3753 D UsbMonitorService: Posting Message again
09-25 13:09:36.099  3753  6140 D SSRM:p  : SIOP:: AP = 320, PST = 318 (W:15), CP = 300, CUR = 332, LCD = 148
09-25 13:09:36.114  3753  6140 D SSRM:H  : ssrm_camera_info is null
09-25 13:09:36.132  3753  6140 D SSRM:j  : ATC: power = AP = 388, LCD = 123, WIFI = 0, Camera = 0(Sensor:0, Comp:0), 
09-25 13:09:36.132  3753  6140 D SSRM:j  : ATC: current = AP = 97, LCD = 33, WIFI = 0, Camera = 0(Sensor:0, Comp:0), 
09-25 13:09:36.133  3753  6140 D SSRM:j  : ATC: Ambient Temperature = 31.59, Skin temperature = 32.57
09-25 13:09:37.121  3753  3986 D WifiStateMachine: Current network is: "Center ID" , ID is: 0
09-25 13:09:39.307  3753  4481 E Watchdog: !@Sync 22908 [25_Sep_13_09_39.307]
09-25 13:09:40.165  3753  3986 D WifiStateMachine: Current network is: "Center ID" , ID is: 0
09-25 13:09:40.374  3753  3921 D SamsungAlarmManager: Expired : 4
09-25 13:09:40.375  3753  3921 I SamsungAlarmManager: setLocked to kernel - T:2 / 20170925T131809, SetElapsed=3619948808, nowELAPSED=3619440151
09-25 13:09:40.376  3753  3921 I SamsungAlarmManager: setLocked to kernel - T:3 / 20170925T131000, SetElapsed=3619459776, nowELAPSED=3619440152
09-25 13:09:40.377  3753  3921 V SamsungAlarmManager: Sending to uid : 10026 action=com.google.android.gms.gcm.HEARTBEAT_ALARM alarm=Alarm{948163c type 2 when 3619440150 com.google.android.gms}
09-25 13:09:40.408  3753  4570 D SamsungAlarmManager: Cancel Alarm calling from uid:10026 pid :28476 / op:PendingIntent{8dfefc5: PendingIntentRecord{18b3158 com.google.android.gms broadcastIntent}}
09-25 13:09:40.410 28476 15332 D TelephonyManager: getAllCellInfo : Caller (PID / UID / TID): 28476 / 10026 / 15332
09-25 13:09:40.414  3753 12279 D SamsungAlarmManager: setExact Intent (T:2/F:5/AC:false) 20170925T131040 - CU:10026/CP:28476
09-25 13:09:40.415  3753 12279 I SamsungAlarmManager: setLocked to kernel - T:2 / 20170925T131040, SetElapsed=3619500185, nowELAPSED=3619440190
09-25 13:09:40.448  3753 32522 D SamsungAlarmManager: Cancel Alarm calling from uid:10026 pid :28476 / op:PendingIntent{9c54d1a: PendingIntentRecord{78ac9b7 com.google.android.gms broadcastIntent}}
09-25 13:09:40.450  3753 32522 I SamsungAlarmManager: setLocked to kernel - T:2 / 20170925T131025, SetElapsed=3619485468, nowELAPSED=3619440225
09-25 13:09:40.460  3753 12279 D SamsungAlarmManager: Cancel Alarm calling from uid:10026 pid :28476 / op:PendingIntent{29bf04b: PendingIntentRecord{18b3158 com.google.android.gms broadcastIntent}}
09-25 13:09:40.466  3753  4600 D SamsungAlarmManager: setExact Intent (T:2/F:5/AC:false) 20170925T131850 - CU:10026/CP:28476
09-25 13:09:40.519  3753  5167 D CompatibilityInfo: mCompatibilityFlags - 0
09-25 13:09:40.520  3753  5167 D CompatibilityInfo: applicationDensity - 420
09-25 13:09:40.520  3753  5167 D CompatibilityInfo: applicationScale - 1.0
09-25 13:09:40.560  3753  3824 D CompatibilityInfo: mCompatibilityFlags - 0
09-25 13:09:40.561  3753  3824 D CompatibilityInfo: applicationDensity - 420
09-25 13:09:40.561  3753  3824 D CompatibilityInfo: applicationScale - 1.0
09-25 13:09:40.580  3753  5165 D CompatibilityInfo: mCompatibilityFlags - 0
09-25 13:09:40.580  3753  5165 D CompatibilityInfo: applicationDensity - 420
09-25 13:09:40.580  3753  5165 D CompatibilityInfo: applicationScale - 1.0
09-25 13:09:40.590 28476 28476 I GoogleURLConnFactory: Using platform SSLCertificateSocketFactory
09-25 13:09:40.600  3753 32522 D CompatibilityInfo: mCompatibilityFlags - 0
09-25 13:09:40.600  3753 32522 D CompatibilityInfo: applicationDensity - 420
09-25 13:09:40.600  3753 32522 D CompatibilityInfo: applicationScale - 1.0
09-25 13:09:40.635  3753  7933 D SamsungAlarmManager: setInexact Intent (T:2/F:0/AC:false) 20170925T133519 - CU:10026/CP:28476
09-25 13:09:40.648 28476 16708 E SQLiteDatabase: Error inserting source=4 tag=qos_default_periodic target_package=com.google.android.gms requires_charging=0 source_version=11509000 required_network_type=0 flex_time=3540000 target_class=com.google.android.gms.clearcut.uploader.QosUploaderService runtime=1506370180567 retry_strategy={"maximum_backoff_seconds":{"3600":0},"initial_backoff_seconds":{"30":0},"retry_policy":{"0":0}} period=3600000 last_runtime=0 task_type=1 job_id=-1 user_id=0
09-25 13:09:40.648 28476 16708 E SQLiteDatabase: android.database.sqlite.SQLiteConstraintException: UNIQUE constraint failed: pending_ops.tag, pending_ops.target_class, pending_ops.target_package, pending_ops.user_id (code 2067)
09-25 13:09:40.648 28476 16708 E SQLiteDatabase: #################################################################
09-25 13:09:40.648 28476 16708 E SQLiteDatabase: Error Code : 2067 (SQLITE_CONSTRAINT_UNIQUE)
09-25 13:09:40.648 28476 16708 E SQLiteDatabase: Caused By : Abort due to constraint violation.
09-25 13:09:40.648 28476 16708 E SQLiteDatabase: 	(UNIQUE constraint failed: pending_ops.tag, pending_ops.target_class, pending_ops.target_package, pending_ops.user_id (code 2067))
09-25 13:09:40.648 28476 16708 E SQLiteDatabase: #################################################################
09-25 13:09:40.648 28476 16708 E SQLiteDatabase: 	at android.database.sqlite.SQLiteConnection.nativeExecuteForLastInsertedRowId(Native Method)
09-25 13:09:40.648 28476 16708 E SQLiteDatabase: 	at android.database.sqlite.SQLiteConnection.executeForLastInsertedRowId(SQLiteConnection.java:862)
09-25 13:09:40.648 28476 16708 E SQLiteDatabase: 	at android.database.sqlite.SQLiteSession.executeForLastInsertedRowId(SQLiteSession.java:788)
09-25 13:09:40.648 28476 16708 E SQLiteDatabase: 	at android.database.sqlite.SQLiteStatement.executeInsert(SQLiteStatement.java:86)
09-25 13:09:40.648 28476 16708 E SQLiteDatabase: 	at android.database.sqlite.SQLiteDatabase.insertWithOnConflict(SQLiteDatabase.java:1856)
09-25 13:09:40.648 28476 16708 E SQLiteDatabase: 	at android.database.sqlite.SQLiteDatabase.insert(SQLiteDatabase.java:1726)
09-25 13:09:40.648 28476 16708 E SQLiteDatabase: 	at svp.a(:com.google.android.gms@11509440:208)
09-25 13:09:40.648 28476 16708 E SQLiteDatabase: 	at swv.a(:com.google.android.gms@11509440:64)
09-25 13:09:40.648 28476 16708 E SQLiteDatabase: 	at swv.a(:com.google.android.gms@11509440:7)
09-25 13:09:40.648 28476 16708 E SQLiteDatabase: 	at swv.a(:com.google.android.gms@11509440:58)
09-25 13:09:40.648 28476 16708 E SQLiteDatabase: 	at svm.run(:com.google.android.gms@11509440:3)
09-25 13:09:40.648 28476 16708 E SQLiteDatabase: 	at mmo.run(:com.google.android.gms@11509440:25)
09-25 13:09:40.648 28476 16708 E SQLiteDatabase: 	at java.util.concurrent.ThreadPoolExecutor.runWorker(ThreadPoolExecutor.java:1133)
09-25 13:09:40.648 28476 16708 E SQLiteDatabase: 	at java.util.concurrent.ThreadPoolExecutor$Worker.run(ThreadPoolExecutor.java:607)
09-25 13:09:40.648 28476 16708 E SQLiteDatabase: 	at mrv.run(:com.google.android.gms@11509440)
09-25 13:09:40.648 28476 16708 E SQLiteDatabase: 	at java.lang.Thread.run(Thread.java:762)
09-25 13:09:40.649 28476 16708 E NetworkScheduler: Error persisting task: com.google.android.gms/.clearcut.uploader.QosUploaderService{u=0 tag="qos_default_periodic" trigger=window{period=3600s,flex=3540s,earliest=59s,latest=3599s} requirements=[NET_CONNECTED] attributes=[PERSISTED,RECURRING] scheduled=0s last_run=N/A jid=N/A status=PENDING retries=0}
09-25 13:09:40.667  3753  4001 D SamsungAlarmManager: Cancel Alarm calling from uid:10026 pid :28476 / op:PendingIntent{be9527d: PendingIntentRecord{78ac9b7 com.google.android.gms broadcastIntent}}
09-25 13:09:40.843  3753  3981 D SamsungAlarmManager: setInexact Intent (T:2/F:0/AC:false) 20170925T133519 - CU:10026/CP:28476
09-25 13:09:40.897 28476 23805 I GoogleURLConnFactory: Using platform SSLCertificateSocketFactory
09-25 13:09:40.906 28476 23805 I GoogleURLConnFactory: Using platform SSLCertificateSocketFactory
09-25 13:09:40.949  3753  7288 D LocationManagerService: getLastLocation: Request[POWER_NONE passive fastest=0 num=1]
09-25 13:09:40.967  3753  7284 D CompatibilityInfo: mCompatibilityFlags - 0
09-25 13:09:40.967  3753  7284 D CompatibilityInfo: applicationDensity - 420
09-25 13:09:40.967  3753  7284 D CompatibilityInfo: applicationScale - 1.0
09-25 13:09:40.977 28476 23805 I System.out: (HTTPLog)-Static: isSBSettingEnabled false
09-25 13:09:40.978 28476 23805 I System.out: (HTTPLog)-Static: isSBSettingEnabled false
09-25 13:09:40.979  3365  3794 D EnterpriseController: netId is 0
09-25 13:09:40.979  3365  3794 D Netd    : getNetworkForDns: using netid 551 for uid 10026
09-25 13:09:40.979  3365  3794 D DnsProxyListener: DNSDBG::dns addrinfo af 2
09-25 13:09:41.146  3753  5150 D LocationManagerService: getLastLocation: Request[POWER_NONE passive fastest=0 num=1]
09-25 13:09:41.161  3753 32522 D CompatibilityInfo: mCompatibilityFlags - 0
09-25 13:09:41.161  3753 32522 D CompatibilityInfo: applicationDensity - 420
09-25 13:09:41.161  3753 32522 D CompatibilityInfo: applicationScale - 1.0
09-25 13:09:41.205  3753  5130 D CompatibilityInfo: mCompatibilityFlags - 0
09-25 13:09:41.205  3753  5130 D CompatibilityInfo: applicationDensity - 420
09-25 13:09:41.205  3753  5130 D CompatibilityInfo: applicationScale - 1.0
09-25 13:09:41.217 28476 23805 I Auth    : [ReflectiveChannelBinder] Successfully bound channel!
09-25 13:09:41.236 28476 23805 I System.out: (HTTPLog)-Static: isSBSettingEnabled false
09-25 13:09:41.237 28476 23805 I System.out: (HTTPLog)-Static: isSBSettingEnabled false
09-25 13:09:41.288 28476 23806 I System.out: (HTTPLog)-Static: isSBSettingEnabled false
09-25 13:09:41.289 28476 23806 I System.out: (HTTPLog)-Static: isSBSettingEnabled false
09-25 13:09:41.290  3365  3794 D EnterpriseController: netId is 0
09-25 13:09:41.290  3365  3794 D Netd    : getNetworkForDns: using netid 551 for uid 10026
09-25 13:09:41.290  3365  3794 D DnsProxyListener: DNSDBG::dns addrinfo af 2
09-25 13:09:41.334 28476 23806 W Conscrypt: Could not set socket write timeout:
09-25 13:09:41.342 28476 23806 W Conscrypt:    java.lang.reflect.Method.invoke(Native Method)
09-25 13:09:41.342 28476 23806 W Conscrypt:    com.google.android.gms.org.conscrypt.Platform.setSocketWriteTimeout(:com.google.android.gms@11509440:13)
09-25 13:09:41.349  3753 32522 D LocationManagerService: getLastLocation: Request[POWER_NONE passive fastest=0 num=1]
09-25 13:09:41.372  3753  5167 D LocationManagerService: getLastLocation: Request[POWER_NONE passive fastest=0 num=1]
09-25 13:09:41.390  3753 23047 D LocationManagerService: getLastLocation: Request[POWER_NONE passive fastest=0 num=1]
09-25 13:09:41.397 28476 23806 W Conscrypt: Could not set socket write timeout:
09-25 13:09:41.397 28476 23806 W Conscrypt:    java.lang.reflect.Method.invoke(Native Method)
09-25 13:09:41.397 28476 23806 W Conscrypt:    com.google.android.gms.org.conscrypt.Platform.setSocketWriteTimeout(:com.google.android.gms@11509440:13)
09-25 13:09:41.405  3753 23273 D LocationManagerService: getLastLocation: Request[POWER_NONE passive fastest=0 num=1]
09-25 13:09:41.423  3753  5166 D LocationManagerService: getLastLocation: Request[POWER_NONE passive fastest=0 num=1]
09-25 13:09:41.438  3753  4599 D LocationManagerService: getLastLocation: Request[POWER_NONE passive fastest=0 num=1]
09-25 13:09:41.456  3753 23047 D LocationManagerService: getLastLocation: Request[POWER_NONE passive fastest=0 num=1]
09-25 13:09:41.478  3753  3812 D LocationManagerService: getLastLocation: Request[POWER_NONE passive fastest=0 num=1]
09-25 13:09:41.504  3753  4600 D LocationManagerService: getLastLocation: Request[POWER_NONE passive fastest=0 num=1]
09-25 13:09:41.547  3753  4001 D LocationManagerService: getLastLocation: Request[POWER_NONE passive fastest=0 num=1]
09-25 13:09:41.559 28476 23806 I System.out: (HTTPLog)-Static: isSBSettingEnabled false
09-25 13:09:41.560 28476 23806 I System.out: (HTTPLog)-Static: isSBSettingEnabled false
09-25 13:09:41.561  3365  3794 D EnterpriseController: netId is 0
09-25 13:09:41.561  3365  3794 D Netd    : getNetworkForDns: using netid 551 for uid 10026
09-25 13:09:41.561  3365  3794 D DnsProxyListener: DNSDBG::dns addrinfo af 2
09-25 13:09:41.571 28476 23805 I System.out: (HTTPLog)-Static: isSBSettingEnabled false
09-25 13:09:41.571 28476 23805 I System.out: (HTTPLog)-Static: isSBSettingEnabled false
09-25 13:09:41.888 28476 23805 I GoogleURLConnFactory: Using platform SSLCertificateSocketFactory
09-25 13:09:41.906  3753  5166 D LocationManagerService: getLastLocation: Request[POWER_NONE passive fastest=0 num=1]
09-25 13:09:41.918  3753  5167 D LocationManagerService: getLastLocation: Request[POWER_NONE passive fastest=0 num=1]
09-25 13:09:41.931 28476 23805 I System.out: (HTTPLog)-Static: isSBSettingEnabled false
09-25 13:09:41.931 28476 23805 I System.out: (HTTPLog)-Static: isSBSettingEnabled false
09-25 13:09:42.078  3753  4563 D LocationManagerService: getLastLocation: Request[POWER_NONE passive fastest=0 num=1]
09-25 13:09:42.096 28476 23805 I System.out: (HTTPLog)-Static: isSBSettingEnabled false
09-25 13:09:42.096 28476 23805 I System.out: (HTTPLog)-Static: isSBSettingEnabled false
09-25 13:09:42.151 28476 23805 I GoogleURLConnFactory: Using platform SSLCertificateSocketFactory
09-25 13:09:42.224  3753  7288 D SamsungAlarmManager: Cancel Alarm calling from uid:10026 pid :28476 / op:PendingIntent{5ad823b: PendingIntentRecord{78ac9b7 com.google.android.gms broadcastIntent}}
09-25 13:09:42.254  3753  3812 D SamsungAlarmManager: setInexact Intent (T:2/F:0/AC:false) 20170925T133519 - CU:10026/CP:28476
09-25 13:09:42.550 28476 23806 I System.out: (HTTPLog)-Static: isSBSettingEnabled false
09-25 13:09:42.550 28476 23806 I System.out: (HTTPLog)-Static: isSBSettingEnabled false
09-25 13:09:42.565 28476 28486 I art     : Background sticky concurrent mark sweep GC freed 312401(10MB) AllocSpace objects, 33(2MB) LOS objects, 38% free, 19MB/32MB, paused 1.901ms total 106.515ms
09-25 13:09:42.831  3753  5150 D SamsungAlarmManager: Cancel Alarm calling from uid:10026 pid :28476 / op:PendingIntent{d309d58: PendingIntentRecord{78ac9b7 com.google.android.gms broadcastIntent}}
09-25 13:09:42.833  3753  5150 I SamsungAlarmManager: setLocked to kernel - T:2 / 20170925T131000, SetElapsed=3619459776, nowELAPSED=3619442609
09-25 13:09:42.887  3753  4245 D SamsungAlarmManager: setInexact Intent (T:2/F:0/AC:false) 20170925T133519 - CU:10026/CP:28476
09-25 13:09:42.948  4885  4885 D io_stats: !@   8,0 r 1460707 104843276 w 2512521 46506280 d 156589 74046376 f 779684 838486 iot 2278796 1727403 th 360540 0 0 pt 0 inp 0 0 687673.756
09-25 13:09:42.964  4164  4614 D NetworkController.MobileSignalController(0/-2): onSignalStrengthsChanged signalStrength=SignalStrength: 16 99 -16 -200 -16 -200 -1 99 2147483647 2147483647 2147483647 2147483647 2147483647 0x4 gsm|lte level=4
09-25 13:09:42.965  4164  4614 D NetworkController.MobileSignalController(0/-2): getMobileIconGroup(): 0
09-25 13:09:42.965  4164  4614 D NetworkController.MobileSignalController(0/-2): updateLTEMobileIconGroup(): 0
09-25 13:09:43.204  3753  3986 D WifiStateMachine: Current network is: "Center ID" , ID is: 0
09-25 13:09:43.300  3753  3824 D CompatibilityInfo: mCompatibilityFlags - 0
09-25 13:09:43.301  3753  3824 D CompatibilityInfo: applicationDensity - 420
09-25 13:09:43.301  3753  3824 D CompatibilityInfo: applicationScale - 1.0
09-25 13:09:43.346  3753  5167 D CompatibilityInfo: mCompatibilityFlags - 0
09-25 13:09:43.346  3753  5167 D CompatibilityInfo: applicationDensity - 420
09-25 13:09:43.346  3753  5167 D CompatibilityInfo: applicationScale - 1.0
09-25 13:09:43.360  3753 23162 D CompatibilityInfo: mCompatibilityFlags - 0
09-25 13:09:43.360  3753 23162 D CompatibilityInfo: applicationDensity - 420
09-25 13:09:43.360  3753 23162 D CompatibilityInfo: applicationScale - 1.0
09-25 13:09:43.368  3753  5130 D MountService: MountService getExternalStorageMountMode : 3
09-25 13:09:43.368  3753  5130 D MountService: MountService getExternalStorageMountMode : 3
09-25 13:09:43.368  3753  5130 D MountService: MountService getExternalStorageMountMode : final mountMode=3, uid : 10026, packageName : com.google.android.gms
09-25 13:09:43.392  3753  5130 I ActivityManager: Start proc 23814:com.google.android.gms.ui/u0a26 for service com.google.android.gms/.chimera.UiIntentOperationService
09-25 13:09:43.397 23814 23814 E Zygote  : v2
09-25 13:09:43.397 23814 23814 I libpersona: KNOX_SDCARD checking this for 10026
09-25 13:09:43.397 23814 23814 I libpersona: KNOX_SDCARD not a persona
09-25 13:09:43.400  3753 32521 D CompatibilityInfo: mCompatibilityFlags - 0
09-25 13:09:43.400  3753 32521 D CompatibilityInfo: applicationDensity - 420
09-25 13:09:43.400  3753 32521 D CompatibilityInfo: applicationScale - 1.0
09-25 13:09:43.400 23814 23814 E Zygote  : accessInfo : 0
09-25 13:09:43.401 23814 23814 W SELinux : SELinux selinux_android_compute_policy_index : Policy Index[2],  Con:u:r:zygote:s0 RAM:SEPF_SECMOBILE_7.0_0007, [-1 -1 -1 -1 0 1]
09-25 13:09:43.406 23814 23814 I SELinux : SELinux: seapp_context_lookup: seinfo=gmscore, level=s0:c512,c768, pkgname=com.google.android.gms.ui 
09-25 13:09:43.443  3753  5130 D CompatibilityInfo: mCompatibilityFlags - 0
09-25 13:09:43.443  3753  5130 D CompatibilityInfo: applicationDensity - 420
09-25 13:09:43.443  3753  5130 D CompatibilityInfo: applicationScale - 1.0
09-25 13:09:43.453 28476 23826 I NetRec  : [22007] ConfigChangedIntentOperation.onHandleIntent: Handling a Phenotype update
09-25 13:09:43.453 28476 23826 I NetRec  : [22007] yje.b: onConfigChanged()
09-25 13:09:43.464 23814 23814 D TimaKeyStoreProvider: TimaKeyStore is not enabled: cannot add TimaSignature Service and generateKeyPair Service
09-25 13:09:43.472  3753  5167 D CompatibilityInfo: mCompatibilityFlags - 0
09-25 13:09:43.472  3753  5167 D CompatibilityInfo: applicationDensity - 420
09-25 13:09:43.472  3753  5167 D CompatibilityInfo: applicationScale - 1.0
09-25 13:09:43.473  3753  3971 D CompatibilityInfo: mCompatibilityFlags - 0
09-25 13:09:43.473  3753  3971 D CompatibilityInfo: applicationDensity - 420
09-25 13:09:43.473  3753  3971 D CompatibilityInfo: applicationScale - 1.0
09-25 13:09:43.474  3753  3971 I ActivityManager: DSS on for com.google.android.gms and scale is 1.0
09-25 13:09:43.475  3753  3971 D CompatibilityInfo: mCompatibilityFlags - 0
09-25 13:09:43.475  3753  3971 D CompatibilityInfo: applicationDensity - 420
09-25 13:09:43.475  3753  3971 D CompatibilityInfo: applicationScale - 1.0
09-25 13:09:43.481  3753  3971 D CompatibilityInfo: mCompatibilityFlags - 0
09-25 13:09:43.481  3753  3971 D CompatibilityInfo: applicationDensity - 420
09-25 13:09:43.481  3753  3971 D CompatibilityInfo: applicationScale - 1.0
09-25 13:09:43.504 23814 23814 I ResourcesManager: updateResourcesForOpenThemeChange for Desktop mode 
09-25 13:09:43.506  3753  4600 D CompatibilityInfo: mCompatibilityFlags - 0
09-25 13:09:43.506  3753  4600 D CompatibilityInfo: applicationDensity - 420
09-25 13:09:43.507  3753  4600 D CompatibilityInfo: applicationScale - 1.0
09-25 13:09:43.530 28476 23826 I NetRec  : [22007] yje.b: Cancelling all NetRec GCM tasks
09-25 13:09:43.536 28476 23829 I NetRec  : [22008] ClearDatabaseService.onHandleIntent: Clearing score cache
09-25 13:09:43.538  3753  5150 D CompatibilityInfo: mCompatibilityFlags - 0
09-25 13:09:43.538  3753  5150 D CompatibilityInfo: applicationDensity - 420
09-25 13:09:43.538  3753  5150 D CompatibilityInfo: applicationScale - 1.0
09-25 13:09:43.575  3753  3824 D CompatibilityInfo: mCompatibilityFlags - 0
09-25 13:09:43.575  3753  3824 D CompatibilityInfo: applicationDensity - 420
09-25 13:09:43.576  3753  3824 D CompatibilityInfo: applicationScale - 1.0
09-25 13:09:43.598 23814 23814 I LoadedApk: No resource references to update in package FFFFFFFFFFFFFFFFFFFFFF
09-25 13:09:43.625  3753  4599 D MountService: MountService getExternalStorageMountMode : 1
09-25 13:09:43.626  3753  4599 D MountService: MountService getExternalStorageMountMode : 3
09-25 13:09:43.626  3753  4599 D MountService: MountService getExternalStorageMountMode : final mountMode=1, uid : 10186, packageName : com.google.android.apps.photos
09-25 13:09:43.645 23836 23836 E Zygote  : v2
09-25 13:09:43.646 23836 23836 I libpersona: KNOX_SDCARD checking this for 10186
09-25 13:09:43.646 23836 23836 I libpersona: KNOX_SDCARD not a persona
09-25 13:09:43.646  3753  4599 I ActivityManager: Start proc 23836:com.google.android.apps.photos/u0a186 for broadcast com.google.android.apps.photos/.experiments.phenotype.full.PhenotypeUpdateBroadcastReceiver
09-25 13:09:43.647 23836 23836 E Zygote  : accessInfo : 0
09-25 13:09:43.648 23836 23836 W SELinux : SELinux selinux_android_compute_policy_index : Policy Index[2],  Con:u:r:zygote:s0 RAM:SEPF_SECMOBILE_7.0_0007, [-1 -1 -1 -1 0 1]
09-25 13:09:43.651 23836 23836 I SELinux : SELinux: seapp_context_lookup: seinfo=untrusted, level=s0:c512,c768, pkgname=com.google.android.apps.photos 
09-25 13:09:43.719 23836 23836 D TimaKeyStoreProvider: TimaKeyStore is not enabled: cannot add TimaSignature Service and generateKeyPair Service
09-25 13:09:43.722 23814 23814 V NativeCrypto: Registering com/google/android/gms/org/conscrypt/NativeCrypto's 259 native methods...
09-25 13:09:43.722  3753 23223 D CompatibilityInfo: mCompatibilityFlags - 0
09-25 13:09:43.723  3753 23223 D CompatibilityInfo: applicationDensity - 420
09-25 13:09:43.723  3753 23223 D CompatibilityInfo: applicationScale - 1.0
09-25 13:09:43.723  3753 23223 I ActivityManager: DSS on for com.google.android.apps.photos and scale is 1.0
09-25 13:09:43.725  3753 23223 D CompatibilityInfo: mCompatibilityFlags - 0
09-25 13:09:43.725  3753 23223 D CompatibilityInfo: applicationDensity - 420
09-25 13:09:43.725  3753 23223 D CompatibilityInfo: applicationScale - 1.0
09-25 13:09:43.733  3753 23223 D CompatibilityInfo: mCompatibilityFlags - 0
09-25 13:09:43.733  3753 23223 D CompatibilityInfo: applicationDensity - 420
09-25 13:09:43.733  3753 23223 D CompatibilityInfo: applicationScale - 1.0
09-25 13:09:43.743 23814 23814 D NetworkSecurityConfig: No Network Security Config specified, using platform default
09-25 13:09:43.745 23814 23814 I ProviderInstaller: Installed default security provider GmsCore_OpenSSL
09-25 13:09:43.745 23836 23836 I ResourcesManager: updateResourcesForOpenThemeChange for Desktop mode 
09-25 13:09:43.757 28476 23829 I NetRec  : [22008] ConfigChangedIntentOperation.onHandleIntent: Handling a Phenotype update
09-25 13:09:43.762 28476 23829 I NetRec  : [22008] yje.b: onConfigChanged()
09-25 13:09:43.765 23836 23836 I art     : Starting a blocking GC AddRemoveAppImageSpace
09-25 13:09:43.798 28476 23829 I NetRec  : [22008] yje.b: Cancelling all NetRec GCM tasks
09-25 13:09:43.799 28476 23853 I NetRec  : [22010] ClearDatabaseService.onHandleIntent: Clearing score cache
09-25 13:09:43.839 23836 23842 I art     : Do partial code cache collection, code=0B, data=15KB
09-25 13:09:43.840 28476 23829 I NetRec  : [22008] ConfigChangedIntentOperation.onHandleIntent: Handling a Phenotype update
09-25 13:09:43.841 28476 23829 I NetRec  : [22008] yje.b: onConfigChanged()
09-25 13:09:43.842 23836 23842 I art     : After code cache collection, code=0B, data=15KB
09-25 13:09:43.842 23836 23842 I art     : Increasing code cache capacity to 128KB
09-25 13:09:43.857 28476 23829 I NetRec  : [22008] yje.b: Cancelling all NetRec GCM tasks
09-25 13:09:43.870 28476 23853 I NetRec  : [22010] ClearDatabaseService.onHandleIntent: Clearing score cache
09-25 13:09:43.947  3753 32522 D CompatibilityInfo: mCompatibilityFlags - 0
09-25 13:09:43.947  3753 32522 D CompatibilityInfo: applicationDensity - 420
09-25 13:09:43.947  3753 32522 D CompatibilityInfo: applicationScale - 1.0
09-25 13:09:43.960 28476 23829 I NetRec  : [22008] ConfigChangedIntentOperation.onHandleIntent: Handling a Phenotype update
09-25 13:09:43.960 28476 23829 I NetRec  : [22008] yje.b: onConfigChanged()
09-25 13:09:43.996 28476 23829 I NetRec  : [22008] yje.b: Cancelling all NetRec GCM tasks
09-25 13:09:43.998 28476 23862 I NetRec  : [22011] ClearDatabaseService.onHandleIntent: Clearing score cache
09-25 13:09:44.009  3753  7933 D CompatibilityInfo: mCompatibilityFlags - 0
09-25 13:09:44.009  3753  7933 D CompatibilityInfo: applicationDensity - 420
09-25 13:09:44.009  3753  7933 D CompatibilityInfo: applicationScale - 1.0
09-25 13:09:44.063  3753  4600 D CompatibilityInfo: mCompatibilityFlags - 0
09-25 13:09:44.064  3753  4600 D CompatibilityInfo: applicationDensity - 420
09-25 13:09:44.064  3753  4600 D CompatibilityInfo: applicationScale - 1.0
09-25 13:09:44.099 28476 28486 I art     : Background partial concurrent mark sweep GC freed 283541(12MB) AllocSpace objects, 31(2MB) LOS objects, 39% free, 17MB/29MB, paused 1.283ms total 100.971ms
09-25 13:09:44.102  3753  7284 D CompatibilityInfo: mCompatibilityFlags - 0
09-25 13:09:44.103  3753  7284 D CompatibilityInfo: applicationDensity - 420
09-25 13:09:44.103  3753  7284 D CompatibilityInfo: applicationScale - 1.0
09-25 13:09:44.107  3753  5150 D SecContentProvider: query(), uri = 17 selection = isSettingsChangesAllowed
09-25 13:09:44.108  3753  5150 D SecContentProvider: called from com.google.uid.shared:10026
09-25 13:09:44.110  3753  3811 D SecContentProvider: query(), uri = 17 selection = isSettingsChangesAllowed
09-25 13:09:44.111  3753  3811 D SecContentProvider: called from com.google.uid.shared:10026
09-25 13:09:44.133  3753 23273 D MountService: MountService getExternalStorageMountMode : 1
09-25 13:09:44.133  3753 23273 D MountService: MountService getExternalStorageMountMode : 3
09-25 13:09:44.133  3753 23273 D MountService: MountService getExternalStorageMountMode : final mountMode=1, uid : 10182, packageName : com.google.android.apps.tachyon
09-25 13:09:44.152 23869 23869 E Zygote  : v2
09-25 13:09:44.152 23869 23869 I libpersona: KNOX_SDCARD checking this for 10182
09-25 13:09:44.152 23869 23869 I libpersona: KNOX_SDCARD not a persona
09-25 13:09:44.153  3753 23273 I ActivityManager: Start proc 23869:com.google.android.apps.tachyon/u0a182 for broadcast com.google.android.apps.tachyon/.util.pheno.PhenotypeBroadcastReceiver
09-25 13:09:44.153 23869 23869 E Zygote  : accessInfo : 0
09-25 13:09:44.154 23869 23869 W SELinux : SELinux selinux_android_compute_policy_index : Policy Index[2],  Con:u:r:zygote:s0 RAM:SEPF_SECMOBILE_7.0_0007, [-1 -1 -1 -1 0 1]
09-25 13:09:44.156 23869 23869 I SELinux : SELinux: seapp_context_lookup: seinfo=untrusted, level=s0:c512,c768, pkgname=com.google.android.apps.tachyon 
09-25 13:09:44.197 23869 23869 D TimaKeyStoreProvider: TimaKeyStore is not enabled: cannot add TimaSignature Service and generateKeyPair Service
09-25 13:09:44.201  3753  4563 D CompatibilityInfo: mCompatibilityFlags - 0
09-25 13:09:44.201  3753  4563 D CompatibilityInfo: applicationDensity - 420
09-25 13:09:44.201  3753  4563 D CompatibilityInfo: applicationScale - 1.0
09-25 13:09:44.202  3753  4563 I ActivityManager: DSS on for com.google.android.apps.tachyon and scale is 1.0
09-25 13:09:44.205  3753  4563 D CompatibilityInfo: mCompatibilityFlags - 0
09-25 13:09:44.206  3753  4563 D CompatibilityInfo: applicationDensity - 420
09-25 13:09:44.206  3753  4563 D CompatibilityInfo: applicationScale - 1.0
09-25 13:09:44.213  3753  4563 D CompatibilityInfo: mCompatibilityFlags - 0
09-25 13:09:44.213  3753  4563 D CompatibilityInfo: applicationDensity - 420
09-25 13:09:44.213  3753  4563 D CompatibilityInfo: applicationScale - 1.0
09-25 13:09:44.227 23869 23869 I ResourcesManager: updateResourcesForOpenThemeChange for Desktop mode 
09-25 13:09:44.242 23869 23869 I art     : Starting a blocking GC AddRemoveAppImageSpace
09-25 13:09:44.255 28476 23853 I NetRec  : [22010] ConfigChangedIntentOperation.onHandleIntent: Handling a Phenotype update
09-25 13:09:44.255 28476 23853 I NetRec  : [22010] yje.b: onConfigChanged()
09-25 13:09:44.284 28476 23853 I NetRec  : [22010] yje.b: Cancelling all NetRec GCM tasks
09-25 13:09:44.286 28476 23826 I NetRec  : [22007] ClearDatabaseService.onHandleIntent: Clearing score cache
09-25 13:09:44.296 23869 23869 W Glide   : Failed to find GeneratedAppGlideModule. You should include an annotationProcessor compile dependency on com.github.bumptech.glide:glide:compiler in your application and a @GlideModule annotated AppGlideModule implementation or LibraryGlideModules will be silently ignored
09-25 13:09:44.313 28476 23806 I HeterodyneSyncScheduler: Scheduling adaptive one off task with window [14400, 604800] in seconds
09-25 13:09:44.345 23869 23869 W DynamiteModule: Local module descriptor class for com.google.android.gms.googlecertificates not found.
09-25 13:09:44.420 28476 23853 I NetRec  : [22010] ConfigChangedIntentOperation.onHandleIntent: Handling a Phenotype update
09-25 13:09:44.420 28476 23853 I NetRec  : [22010] yje.b: onConfigChanged()
09-25 13:09:44.457 23869 23869 W System  : ClassLoader referenced unknown path: 
09-25 13:09:44.476 23869 23869 W System  : ClassLoader referenced unknown path: /data/user_de/0/com.google.android.gms/app_chimera/m/00000010/n/arm64-v8a
09-25 13:09:44.485 28476 23826 I NetRec  : [22007] ClearDatabaseService.onHandleIntent: Clearing score cache
09-25 13:09:44.489 28476 23853 I NetRec  : [22010] yje.b: Cancelling all NetRec GCM tasks
09-25 13:09:44.535  3753  5150 D BatteryService: !@BatteryListener : batteryPropertiesChanged!
09-25 13:09:44.536  3753  5150 D BatteryService: level:98, scale:100, status:2, health:2, present:true, voltage: 4267, temperature: 286, technology: Li-ion, AC powered:false, USB powered:true, POGO powered:false, Wireless powered:false, icon:17303711, invalid charger:0, maxChargingCurrent:0, maxChargingVoltage:0, chargeCounter:0
09-25 13:09:44.536  3753  5150 D BatteryService: online:4, current avg:280, charge type:1, power sharing:false, high voltage charger:false, capacity:280000, batterySWSelfDischarging:false, misc_event:0, current_event:0, current_now:197
09-25 13:09:44.536  3753  3753 D BatteryService: Sending ACTION_BATTERY_CHANGED.
09-25 13:09:44.540  3753  3753 D SamsungPhoneWindowManager: ACTION_BATTERY_CHANGED - Level :: 98, battStatus :: 2
09-25 13:09:44.541  3753  3753 V UiModeManager: updateLocked: null action, mDockState=0, category=null
09-25 13:09:44.541  3753  3753 D UiModeManager: updateConfigurationLocked: mDockState=0; mCarMode=false; mNightMode=1; uiMode=17
09-25 13:09:44.541  3753  3753 D GameManagerService: new battery level: 98
09-25 13:09:44.542  4164  4164 D KeyguardUpdateMonitor: received broadcast android.intent.action.BATTERY_CHANGED
09-25 13:09:44.543  4164  4164 D KeyguardUpdateMonitor: handleBatteryUpdate
09-25 13:09:44.550  4164  4164 D PowerUI : priorPlugType = 2 mPlugType =  2
09-25 13:09:44.550  4085  4085 V HeadsetService: HeadsetService - Received Intent.ACTION_BATTERY_CHANGED
09-25 13:09:44.551  4085  4990 D HeadsetStateMachine: Disconnected process message: 10, size: 0
09-25 13:09:44.552  4164  4164 D PowerUI.Notification: showChargingNotice oldChargingType : 1 currentChargingType : 1 oldChargingTime : 251000 mChargingTime : 251000
09-25 13:09:44.552  4164  4164 D PowerUI.Notification: There is no change about charging status, so return!
09-25 13:09:44.561  4164  4164 D BatteryMeterDrawable: isSomethingChanged - false
09-25 13:09:44.562  4164  4164 D BatteryMeterDrawable: isSomethingChanged - false
09-25 13:09:44.563  4164  4164 D BatteryController: onReceive - ACTION_BATTERY_CHANGED : mLevel = 98
09-25 13:09:44.579 28476 23853 I NetRec  : [22010] ConfigChangedIntentOperation.onHandleIntent: Handling a Phenotype update
09-25 13:09:44.580 28476 23853 I NetRec  : [22010] yje.b: onConfigChanged()
09-25 13:09:44.590  3753  4600 D MountService: MountService getExternalStorageMountMode : 3
09-25 13:09:44.591  3753  4600 D MountService: MountService getExternalStorageMountMode : 3
09-25 13:09:44.591  3753  4600 D MountService: MountService getExternalStorageMountMode : final mountMode=3, uid : 10026, packageName : com.google.android.gms
09-25 13:09:44.612  3753  4600 I ActivityManager: Start proc 23894:com.google.android.gms.feedback/u0a26 for service com.google.android.gms/.feedback.FeedbackService
09-25 13:09:44.627  3753  4563 D CompatibilityInfo: mCompatibilityFlags - 0
09-25 13:09:44.627  3753  4563 D CompatibilityInfo: applicationDensity - 420
09-25 13:09:44.627  3753  4563 D CompatibilityInfo: applicationScale - 1.0
09-25 13:09:44.630 23894 23894 E Zygote  : v2
09-25 13:09:44.630 23894 23894 I libpersona: KNOX_SDCARD checking this for 10026
09-25 13:09:44.630 23894 23894 I libpersona: KNOX_SDCARD not a persona
09-25 13:09:44.645 28476 23853 I NetRec  : [22010] yje.b: Cancelling all NetRec GCM tasks
09-25 13:09:44.647  3753 18679 D CompatibilityInfo: mCompatibilityFlags - 0
09-25 13:09:44.647  3753 18679 D CompatibilityInfo: applicationDensity - 420
09-25 13:09:44.648  3753 18679 D CompatibilityInfo: applicationScale - 1.0
09-25 13:09:44.649 23894 23894 E Zygote  : accessInfo : 0
09-25 13:09:44.651 23894 23894 W SELinux : SELinux selinux_android_compute_policy_index : Policy Index[2],  Con:u:r:zygote:s0 RAM:SEPF_SECMOBILE_7.0_0007, [-1 -1 -1 -1 0 1]
09-25 13:09:44.652 23894 23894 I SELinux : SELinux: seapp_context_lookup: seinfo=gmscore, level=s0:c512,c768, pkgname=com.google.android.gms.feedback 
09-25 13:09:44.660 28476 23862 I NetRec  : [22011] ClearDatabaseService.onHandleIntent: Clearing score cache
09-25 13:09:44.677  3753  4245 D CompatibilityInfo: mCompatibilityFlags - 0
09-25 13:09:44.677  3753  4245 D CompatibilityInfo: applicationDensity - 420
09-25 13:09:44.677  3753  4245 D CompatibilityInfo: applicationScale - 1.0
09-25 13:09:44.719 23894 23894 D TimaKeyStoreProvider: TimaKeyStore is not enabled: cannot add TimaSignature Service and generateKeyPair Service
09-25 13:09:44.726  3753  5166 D CompatibilityInfo: mCompatibilityFlags - 0
09-25 13:09:44.726  3753  5166 D CompatibilityInfo: applicationDensity - 420
09-25 13:09:44.726  3753  5166 D CompatibilityInfo: applicationScale - 1.0
09-25 13:09:44.727  3753  5166 I ActivityManager: DSS on for com.google.android.gms and scale is 1.0
09-25 13:09:44.728  3753  5166 D CompatibilityInfo: mCompatibilityFlags - 0
09-25 13:09:44.728  3753  5166 D CompatibilityInfo: applicationDensity - 420
09-25 13:09:44.728  3753  5166 D CompatibilityInfo: applicationScale - 1.0
09-25 13:09:44.737  3753  5166 D CompatibilityInfo: mCompatibilityFlags - 0
09-25 13:09:44.737  3753  5166 D CompatibilityInfo: applicationDensity - 420
09-25 13:09:44.737  3753  5166 D CompatibilityInfo: applicationScale - 1.0
09-25 13:09:44.769 23894 23894 I ResourcesManager: updateResourcesForOpenThemeChange for Desktop mode 
09-25 13:09:44.790 23869 23869 W TachyonTelecomHImpl: Self-managed ConnectionServices are supported from O onwards
09-25 13:09:44.830  3753  4581 D CompatibilityInfo: mCompatibilityFlags - 0
09-25 13:09:44.830  3753  4581 D CompatibilityInfo: applicationDensity - 420
09-25 13:09:44.830  3753  4581 D CompatibilityInfo: applicationScale - 1.0
09-25 13:09:44.843  3753  4581 D MountService: MountService getExternalStorageMountMode : 1
09-25 13:09:44.843  3753  4581 D MountService: MountService getExternalStorageMountMode : 3
