09-25 13:07:33.076 19501 19501 D b       : getUserInfo Successtrue
09-25 13:07:33.078 19501 19501 D b       : {"emailVerified":false,"firstName":"Bellatrix","lastName":"Lestrange","emailAddress":"pln7dev@gmail.com","cards":[{"cardReferenceID":"66b38a13-048b-440f-be25-45b136eb5857","description":"Center ID Debit","ID":"a5791743-ce17-4853-ac7a-4f4e2af7f508","type":"debit","deviceID":"n/a","programID":"0200","status":"active"}],"loginID":"pln7dev@gmail.com","roles":[{"name":null,"resources":[{"name":null,"resourceCode":"org","resource":"0d8c4ec4-8658-4c27-9e9c-bb84a50c4567"},{"name":null,"resourceCode":"costCenter","resource":"4b8337ab-430b-48ce-b5b1-c3258e69fc84"},{"name":null,"resourceCode":"user","resource":null},{"name":null,"resourceCode":"me","resource":null}],"role":"SP"},{"role":"BM","resources":[{"resourceCode":"org","resource":"0d8c4ec4-8658-4c27-9e9c-bb84a50c4567"},{"resourceCode":"me","resource":null},{"resourceCode":"user","resource":null},{"resourceCode":"costCenter","resource":"4b8337ab-430b-48ce-b5b1-c3258e69fc84"},{"resourceCode":"costCenter","resource":"cb3757c6-2437-4c33-afb6-00db503d7a29"}]}],"ID":"5994c7fc3c8e7264c008a3c9","stormpathURI":"UNSET","orgID":"0d8c4ec4-8658-4c27-9e9c-bb84a50c4567","pushNotificationARN":"arn:aws:sns:us-west-2:662186375892:endpoint/APNS/APNS/7dffb083-978d-325e-8804-74d75d3bb4d5"}
09-25 13:07:33.079 19501 19501 D b       : codeResponse{protocol=h2, code=200, message=, url=https://stage-api.centercard.com/v2.0/users/5994c7fc3c8e7264c008a3c9}
09-25 13:07:33.079 19501 19501 D UserDataManager: get user info successful
09-25 13:07:33.091 19501 19501 D ae      : message received:60
09-25 13:07:35.087  3753  3753 D UsbMonitorService: readUsbState++
09-25 13:07:35.089  3753  3753 D UsbMonitorService: !@readUsbState 0 0 0 0 0 0 0 0 0 0 0 0 1 0 0 0 0 0 0 0 0 0 0 0 0 0 0 0 0 0 0 0
09-25 13:07:35.090  3753  3753 D UsbMonitorService: stringToFile /efs/usb_hw_param/usb_hw_param.log , 0 0 0 0 0 0 0 0 0 0 0 0 1 0 0 0 0 0 0 0 0 0 0 0 0 0 0 0 0 0 0 0
09-25 13:07:35.091  3753  3753 D UsbMonitorService: Posting Message again
09-25 13:07:35.317  3753  3986 D WifiStateMachine: Current network is: "Center ID" , ID is: 0
09-25 13:07:35.435  3753  6140 D SSRM:p  : SIOP:: AP = 320, PST = 310 (W:15), CP = 302, CUR = 282, LCD = 148
09-25 13:07:35.449  3753  6140 D SSRM:H  : ssrm_camera_info is null
09-25 13:07:35.470  3753  6140 D SSRM:j  : ATC: power = AP = 352, LCD = 259, WIFI = 0, Camera = 0(Sensor:0, Comp:0), 
09-25 13:07:35.470  3753  6140 D SSRM:j  : ATC: current = AP = 88, LCD = 70, WIFI = 0, Camera = 0(Sensor:0, Comp:0), 
09-25 13:07:35.471  3753  6140 D SSRM:j  : ATC: Ambient Temperature = 31.19, Skin temperature = 32.32
09-25 13:07:37.818  4885  4885 D io_stats: !@   8,0 r 1460644 104842724 w 2512151 46501908 d 156554 74045340 f 779594 838386 iot 2278576 1727236 th 364196 0 0 pt 0 inp 0 0 687548.626
09-25 13:07:38.361  3753  3986 D WifiStateMachine: Current network is: "Center ID" , ID is: 0
09-25 13:07:39.246  3753  4481 E Watchdog: !@Sync 22904 [25_Sep_13_07_39.245]
09-25 13:07:41.405  3753  3986 D WifiStateMachine: Current network is: "Center ID" , ID is: 0
09-25 13:07:42.824  4885  4885 D io_stats: !@   8,0 r 1460644 104842724 w 2512162 46501968 d 156555 74045344 f 779594 838388 iot 2278576 1727239 th 364172 0 0 pt 0 inp 0 0 687553.631
09-25 13:07:42.933  3753  5150 D BatteryService: !@BatteryListener : batteryPropertiesChanged!
09-25 13:07:42.934  3753  5150 D BatteryService: level:98, scale:100, status:2, health:2, present:true, voltage: 4275, temperature: 284, technology: Li-ion, AC powered:false, USB powered:true, POGO powered:false, Wireless powered:false, icon:17303711, invalid charger:0, maxChargingCurrent:0, maxChargingVoltage:0, chargeCounter:0
09-25 13:07:42.934  3753  5150 D BatteryService: online:4, current avg:308, charge type:1, power sharing:false, high voltage charger:false, capacity:280000, batterySWSelfDischarging:false, misc_event:0, current_event:0, current_now:349
09-25 13:07:42.934  3753  3753 D BatteryService: Sending ACTION_BATTERY_CHANGED.
09-25 13:07:42.937  3753  3753 D SamsungPhoneWindowManager: ACTION_BATTERY_CHANGED - Level :: 98, battStatus :: 2
09-25 13:07:42.938  3753  3753 V UiModeManager: updateLocked: null action, mDockState=0, category=null
09-25 13:07:42.938  3753  3753 D UiModeManager: updateConfigurationLocked: mDockState=0; mCarMode=false; mNightMode=1; uiMode=17
09-25 13:07:42.938  3753  3753 D GameManagerService: new battery level: 98
09-25 13:07:42.942  4164  4164 D KeyguardUpdateMonitor: received broadcast android.intent.action.BATTERY_CHANGED
09-25 13:07:42.947  4164  4164 D PowerUI : priorPlugType = 2 mPlugType =  2
09-25 13:07:42.949  4164  4164 D PowerUI.Notification: showChargingNotice oldChargingType : 1 currentChargingType : 1 oldChargingTime : 328000 mChargingTime : 315000
09-25 13:07:42.949  4164  4164 D PowerUI.Notification: showChargingNotification()
09-25 13:07:42.962  4085  4085 V HeadsetService: HeadsetService - Received Intent.ACTION_BATTERY_CHANGED
09-25 13:07:42.962  4085  4990 D HeadsetStateMachine: Disconnected process message: 10, size: 0
09-25 13:07:42.965  3753  4245 D ApplicationPolicy: isStatusBarNotificationAllowedAsUser: packageName = com.android.systemui,userId = -1
09-25 13:07:42.965  4164  4164 D KeyguardUpdateMonitor: handleBatteryUpdate
09-25 13:07:42.968  4164  4164 D BatteryMeterDrawable: isSomethingChanged - false
09-25 13:07:42.969  4164  4164 D BatteryMeterDrawable: isSomethingChanged - false
09-25 13:07:42.970  4164  4164 D BatteryController: onReceive - ACTION_BATTERY_CHANGED : mLevel = 98
09-25 13:07:44.441  3753  3986 D WifiStateMachine: Current network is: "Center ID" , ID is: 0
09-25 13:07:44.636  4164  4614 D NetworkController.MobileSignalController(0/-2): onSignalStrengthsChanged signalStrength=SignalStrength: 17 99 -17 -200 -17 -200 -1 99 2147483647 2147483647 2147483647 2147483647 2147483647 0x4 gsm|lte level=4
09-25 13:07:44.636  4164  4614 D NetworkController.MobileSignalController(0/-2): getMobileIconGroup(): 0
09-25 13:07:44.636  4164  4614 D NetworkController.MobileSignalController(0/-2): updateLTEMobileIconGroup(): 0
09-25 13:07:45.498  3753  6140 D SSRM:p  : SIOP:: AP = 320, PST = 311 (W:15), CP = 302, CUR = 313, LCD = 148
09-25 13:07:45.505  3753  6140 D SSRM:H  : ssrm_camera_info is null
09-25 13:07:45.532  3753  6140 D SSRM:j  : ATC: power = AP = 408, LCD = 123, WIFI = 0, Camera = 0(Sensor:0, Comp:0), 
09-25 13:07:45.533  3753  6140 D SSRM:j  : ATC: current = AP = 102, LCD = 33, WIFI = 0, Camera = 0(Sensor:0, Comp:0), 
09-25 13:07:45.535  3753  6140 D SSRM:j  : ATC: Ambient Temperature = 31.23, Skin temperature = 32.34
09-25 13:07:47.485  3753  3986 D WifiStateMachine: Current network is: "Center ID" , ID is: 0
09-25 13:07:47.833  4885  4885 D io_stats: !@   8,0 r 1460644 104842724 w 2512173 46502028 d 156555 74045344 f 779598 838392 iot 2278584 1727243 th 364060 0 0 pt 0 inp 0 0 687558.641
09-25 13:07:50.531  3753  3986 D WifiStateMachine: Current network is: "Center ID" , ID is: 0
09-25 13:07:52.838  4885  4885 D io_stats: !@   8,0 r 1460644 104842724 w 2512175 46502044 d 156555 74045344 f 779599 838393 iot 2278588 1727245 th 364028 0 0 pt 0 inp 0 0 687563.646
09-25 13:07:53.069  3753  3981 D BatteryService: !@BatteryListener : batteryPropertiesChanged!
09-25 13:07:53.070  3753  3981 D BatteryService: level:98, scale:100, status:2, health:2, present:true, voltage: 4276, temperature: 284, technology: Li-ion, AC powered:false, USB powered:true, POGO powered:false, Wireless powered:false, icon:17303711, invalid charger:0, maxChargingCurrent:0, maxChargingVoltage:0, chargeCounter:0
09-25 13:07:53.070  3753  3981 D BatteryService: online:4, current avg:322, charge type:1, power sharing:false, high voltage charger:false, capacity:280000, batterySWSelfDischarging:false, misc_event:0, current_event:0, current_now:339
09-25 13:07:53.070  3753  3753 D BatteryService: Sending ACTION_BATTERY_CHANGED.
09-25 13:07:53.074  3753  3753 D SamsungPhoneWindowManager: ACTION_BATTERY_CHANGED - Level :: 98, battStatus :: 2
09-25 13:07:53.074  3753  3753 V UiModeManager: updateLocked: null action, mDockState=0, category=null
09-25 13:07:53.075  3753  3753 D UiModeManager: updateConfigurationLocked: mDockState=0; mCarMode=false; mNightMode=1; uiMode=17
09-25 13:07:53.075  3753  3753 D GameManagerService: new battery level: 98
09-25 13:07:53.078  4164  4164 D KeyguardUpdateMonitor: received broadcast android.intent.action.BATTERY_CHANGED
09-25 13:07:53.088  4085  4085 V HeadsetService: HeadsetService - Received Intent.ACTION_BATTERY_CHANGED
09-25 13:07:53.089  4085  4990 D HeadsetStateMachine: Disconnected process message: 10, size: 0
09-25 13:07:53.098  4164  4164 D PowerUI : priorPlugType = 2 mPlugType =  2
09-25 13:07:53.100  4164  4164 D PowerUI.Notification: showChargingNotice oldChargingType : 1 currentChargingType : 1 oldChargingTime : 315000 mChargingTime : 315000
09-25 13:07:53.100  4164  4164 D PowerUI.Notification: There is no change about charging status, so return!
09-25 13:07:53.100  4164  4164 D KeyguardUpdateMonitor: handleBatteryUpdate
09-25 13:07:53.103  4164  4164 D BatteryMeterDrawable: isSomethingChanged - false
09-25 13:07:53.104  4164  4164 D BatteryMeterDrawable: isSomethingChanged - false
09-25 13:07:53.106  4164  4164 D BatteryController: onReceive - ACTION_BATTERY_CHANGED : mLevel = 98
09-25 13:07:53.627  3753  3986 D WifiStateMachine: Current network is: "Center ID" , ID is: 0
09-25 13:07:55.568  3753  6140 D SSRM:p  : SIOP:: AP = 320, PST = 312 (W:15), CP = 302, CUR = 326, LCD = 148
09-25 13:07:55.575  3753  6140 D SSRM:H  : ssrm_camera_info is null
09-25 13:07:55.598  3753  6140 D SSRM:j  : ATC: power = AP = 380, LCD = 123, WIFI = 0, Camera = 0(Sensor:0, Comp:0), 
09-25 13:07:55.598  3753  6140 D SSRM:j  : ATC: current = AP = 95, LCD = 33, WIFI = 0, Camera = 0(Sensor:0, Comp:0), 
09-25 13:07:55.600  3753  6140 D SSRM:j  : ATC: Ambient Temperature = 31.27, Skin temperature = 32.37
09-25 13:07:56.671  3753  3986 D WifiStateMachine: Current network is: "Center ID" , ID is: 0
09-25 13:07:59.708  3753  3986 D WifiStateMachine: Current network is: "Center ID" , ID is: 0
09-25 13:08:00.000  3753  3921 D SamsungAlarmManager: Expired : 8
09-25 13:08:00.002  3753  3921 I SamsungAlarmManager: setLocked to kernel - T:3 / 20170925T130825, SetElapsed=3619365098, nowELAPSED=3619339777
09-25 13:08:00.003  3753  3921 V SamsungAlarmManager: Sending to uid : 1000 action=android.intent.action.TIME_TICK alarm=Alarm{f39e2b0 type 3 when 3619339776 android}
09-25 13:08:00.007  3753  3921 V SamsungAlarmManager: Sending to uid : 10081 action=com.samsung.action.EVERY_MINUTE_CLOCK_UPDATE alarm=Alarm{2d75529 type 1 when 1506370080000 com.sec.android.app.launcher}
09-25 13:08:00.021 11726 11726 I Launcher: onReceive: com.samsung.action.EVERY_MINUTE_CLOCK_UPDATE
09-25 13:08:00.028  3753  3753 D SamsungAlarmManager: setExact Intent (T:3/F:1/AC:false) 20170925T130900 - CU:1000/CP:3753
09-25 13:08:00.035  3753 23223 D SamsungAlarmManager: setInexact Intent (T:1/F:0/AC:false) 20170925T130900 - CU:10081/CP:11726
09-25 13:08:00.036 11726 11726 I IconView: applyFromShortcutInfo - start GetLive : com.samsung.android.calendar
09-25 13:08:00.036 11726 11726 I IconView: applyFromShortcutInfo - end GetLive : com.samsung.android.calendar
09-25 13:08:00.036  4164  4164 D KeyguardUpdateMonitor: received broadcast android.intent.action.TIME_TICK
09-25 13:08:00.037  4164  4164 D KeyguardUpdateMonitor: handleTimeUpdate#start
09-25 13:08:00.050 11726 11878 D ApplicationPackageManager: we has com.samsung.android.calendar class. reuse it 
09-25 13:08:00.057  4164  4164 D KeyguardUpdateMonitor: handleTimeUpdate#end
09-25 13:08:00.057  4164  4164 D SystemUI_Clock: Clock received ACTION_TIME_TICK : start
09-25 13:08:00.061  4164  4164 D SystemUI_Clock: Clock received ACTION_TIME_TICK : end
09-25 13:08:00.069  4164  4164 D TextClock: TextClock received ACTION_TIME_TICK : start
09-25 13:08:00.069  4164  4164 D TextClock: TextClock received ACTION_TIME_TICK : end
09-25 13:08:00.075  4164  4164 D TextClock: TextClock received ACTION_TIME_TICK : start
09-25 13:08:00.076  4164  4164 D TextClock: TextClock received ACTION_TIME_TICK : end
09-25 13:08:00.077 11726 11878 I ApplicationPackageManager: load= live icon for com.samsung.android.calendar, from overlay = false
09-25 13:08:00.085 11726 11878 I LiveIconFactory: onFutureDone: done: com.samsung.android.calendar,UserHandle{0}
09-25 13:08:00.085 11726 11878 D LiveIconManager: onResponseLiveIcon: 
09-25 13:08:00.089  4164  4164 D TextClock: TextClock received ACTION_TIME_TICK : start
09-25 13:08:00.090  4164  4164 D TextClock: TextClock received ACTION_TIME_TICK : end
09-25 13:08:00.103  4164  4164 D SystemUI_DateView: DateView received ACTION_TIME_TICK : start
09-25 13:08:00.104  4164  4164 D SystemUI_DateView: DateView received ACTION_TIME_TICK : end
09-25 13:08:00.107  4164  4164 D SystemUI_Clock: Clock received ACTION_TIME_TICK : start
09-25 13:08:00.111  4164  4164 D SystemUI_Clock: Clock received ACTION_TIME_TICK : end
09-25 13:08:00.117  4164  4164 D DateTimeView: DateTimeView received ACTION_TIME_TICK : start
09-25 13:08:00.132  4164  4164 D DateTimeView: DateTimeView received ACTION_TIME_TICK : end
09-25 13:08:00.138  4164  4164 D TextClock: TextClock received ACTION_TIME_TICK : start
09-25 13:08:00.138  4164  4164 D TextClock: TextClock received ACTION_TIME_TICK : end
09-25 13:08:00.140  4164  4164 D TextClock: TextClock received ACTION_TIME_TICK : start
09-25 13:08:00.141  4164  4164 D TextClock: TextClock received ACTION_TIME_TICK : end
09-25 13:08:00.144  4164  4164 D TextClock: TextClock received ACTION_TIME_TICK : start
09-25 13:08:00.144  4164  4164 D TextClock: TextClock received ACTION_TIME_TICK : end
09-25 13:08:00.147  4164  4164 D TextClock: TextClock received ACTION_TIME_TICK : start
09-25 13:08:00.147  4164  4164 D TextClock: TextClock received ACTION_TIME_TICK : end
09-25 13:08:00.173 10034 10034 D [WeatherWidget(1419)]  WeatherService: {[B73D43639EB27FAA34EF41A6129C1FA787B8DDA06B4FC8C3DFFF289A8228DE1D07957C4CB0877FB29CB85D37C68D39BF076A5D6720D2DA7CE46EF7EA2858EC07]}
09-25 13:08:00.174 10034 10034 D [WeatherWidget(1419)]  : {[3AE6950019B083611567B0F9442DB03E36B37708FCADB7FDDBA670B1362D994454BFFFDA2568816BBDDA6DD60F644DCF]}
09-25 13:08:00.175 10034 10034 D [WeatherWidget(1419)]  DB L2: {[610591C4E30FED4A153FF198DAC84EFEE3319B0D622FD4A19809E90ED3C1398368D658B139FCCB8B9564F5B4E9CB634EF0FE93C8D6A645A22FCD819D960236E6]}
09-25 13:08:00.176 10034 10034 D [WeatherWidget(1419)]  DB L2: {[610591C4E30FED4A153FF198DAC84EFE259FA03515F619060291D19B9A2E73CB46DA064369D1073FED4BA9669B425DCAF8E66C2413961958E4A76BA4E075CF0EAED82E3795D20403C0603F10A8CBBDE5]}
09-25 13:08:00.177 10034 10034 D [WeatherWidget(1419)]  DB L2: {[610591C4E30FED4A153FF198DAC84EFE1A65FB0EE8B7C5763A9CB231BC13495C0980BD17AB2024B4E3F440D28DAC546B7BFC1AB3DCC71599A3F56F5A071D801F]}
09-25 13:08:00.179 10034 10034 D [WeatherWidget(1419)]  : {[3AE6950019B083611567B0F9442DB03EF4A0ECA9EDEEE1C6764DEF6294C10F4F0BAD60A0CC696E8D15537EBE77D0F441F941FE30DFEB6E45A2BAA0295B86238B6B5477898ADD292C8EB7917680951853]}
09-25 13:08:00.182 10034 10034 D [WeatherWidget(1419)]  : {[A1AF0F6A1A65A89C43D705938923D0FED9F017AC968F769D13056A52E2EF789FED5E1CDACF1E7495B3F28FA30B553C2BF648A4B398CE49D64001AEFFCDB50B1E92CF14452525A32B29FFD262AF3D1403BE94C58737BB766F51BB58DED99BA190FD6AB94FD6C2E7237F5EC7A47045BE67]}
09-25 13:08:00.183 10034 10034 D [WeatherWidget(1419)]  : {[F15017C87652A92E41991279A492DE22A84D3F984AA5847F848B46EA353416DE]}
09-25 13:08:02.753  3753  3986 D WifiStateMachine: Current network is: "Center ID" , ID is: 0
09-25 13:08:03.213  3753  5150 D BatteryService: !@BatteryListener : batteryPropertiesChanged!
09-25 13:08:03.214  3753  5150 D BatteryService: level:98, scale:100, status:2, health:2, present:true, voltage: 4277, temperature: 283, technology: Li-ion, AC powered:false, USB powered:true, POGO powered:false, Wireless powered:false, icon:17303711, invalid charger:0, maxChargingCurrent:0, maxChargingVoltage:0, chargeCounter:0
09-25 13:08:03.214  3753  5150 D BatteryService: online:4, current avg:321, charge type:1, power sharing:false, high voltage charger:false, capacity:280000, batterySWSelfDischarging:false, misc_event:0, current_event:0, current_now:342
09-25 13:08:03.215  3753  3753 D BatteryService: Sending ACTION_BATTERY_CHANGED.
09-25 13:08:03.222  3753  3753 D SamsungPhoneWindowManager: ACTION_BATTERY_CHANGED - Level :: 98, battStatus :: 2
09-25 13:08:03.222  3753  3753 V UiModeManager: updateLocked: null action, mDockState=0, category=null
09-25 13:08:03.222  3753  3753 D UiModeManager: updateConfigurationLocked: mDockState=0; mCarMode=false; mNightMode=1; uiMode=17
09-25 13:08:03.222  3753  3753 D GameManagerService: new battery level: 98
09-25 13:08:03.224  4164  4164 D KeyguardUpdateMonitor: received broadcast android.intent.action.BATTERY_CHANGED
09-25 13:08:03.229  4164  4164 D PowerUI : priorPlugType = 2 mPlugType =  2
09-25 13:08:03.235  4085  4085 V HeadsetService: HeadsetService - Received Intent.ACTION_BATTERY_CHANGED
09-25 13:08:03.235  4085  4990 D HeadsetStateMachine: Disconnected process message: 10, size: 0
09-25 13:08:03.237  4164  4164 D PowerUI.Notification: showChargingNotice oldChargingType : 1 currentChargingType : 1 oldChargingTime : 315000 mChargingTime : 302000
09-25 13:08:03.237  4164  4164 D PowerUI.Notification: showChargingNotification()
09-25 13:08:03.251  3753  3981 D ApplicationPolicy: isStatusBarNotificationAllowedAsUser: packageName = com.android.systemui,userId = -1
09-25 13:08:03.253  4164  4164 D KeyguardUpdateMonitor: handleBatteryUpdate
09-25 13:08:03.255  4164  4164 D BatteryMeterDrawable: isSomethingChanged - false
09-25 13:08:03.256  4164  4164 D BatteryMeterDrawable: isSomethingChanged - false
09-25 13:08:03.258  4164  4164 D BatteryController: onReceive - ACTION_BATTERY_CHANGED : mLevel = 98
09-25 13:08:05.092  3753  3753 D UsbMonitorService: readUsbState++
09-25 13:08:05.093  3753  3753 D UsbMonitorService: !@readUsbState 0 0 0 0 0 0 0 0 0 0 0 0 1 0 0 0 0 0 0 0 0 0 0 0 0 0 0 0 0 0 0 0
09-25 13:08:05.094  3753  3753 D UsbMonitorService: stringToFile /efs/usb_hw_param/usb_hw_param.log , 0 0 0 0 0 0 0 0 0 0 0 0 1 0 0 0 0 0 0 0 0 0 0 0 0 0 0 0 0 0 0 0
09-25 13:08:05.096  3753  3753 D UsbMonitorService: Posting Message again
09-25 13:08:05.620  3753  6140 D SSRM:p  : SIOP:: AP = 320, PST = 312 (W:15), CP = 302, CUR = 324, LCD = 148
09-25 13:08:05.629  3753  6140 D SSRM:H  : ssrm_camera_info is null
09-25 13:08:05.648  3753  6140 D SSRM:j  : ATC: power = AP = 400, LCD = 123, WIFI = 0, Camera = 0(Sensor:0, Comp:0), 
09-25 13:08:05.648  3753  6140 D SSRM:j  : ATC: current = AP = 100, LCD = 33, WIFI = 0, Camera = 0(Sensor:0, Comp:0), 
09-25 13:08:05.650  3753  6140 D SSRM:j  : ATC: Ambient Temperature = 31.30, Skin temperature = 32.39
09-25 13:08:05.794  3753  3986 D WifiStateMachine: Current network is: "Center ID" , ID is: 0
09-25 13:08:07.851  4885  4885 D io_stats: !@   8,0 r 1460644 104842724 w 2512186 46502096 d 156555 74045344 f 779603 838397 iot 2278592 1727249 th 363736 0 0 pt 0 inp 0 0 687578.659
09-25 13:08:08.844  3753  3986 D WifiStateMachine: Current network is: "Center ID" , ID is: 0
09-25 13:08:09.261  3753  4481 E Watchdog: !@Sync 22905 [25_Sep_13_08_09.260]
09-25 13:08:11.891  3753  3986 D WifiStateMachine: Current network is: "Center ID" , ID is: 0
09-25 13:08:12.857  4885  4885 D io_stats: !@   8,0 r 1460644 104842724 w 2512191 46502140 d 156556 74045348 f 779604 838400 iot 2278596 1727253 th 363728 0 0 pt 0 inp 0 0 687583.665
09-25 13:08:13.341  3753 23162 D BatteryService: !@BatteryListener : batteryPropertiesChanged!
09-25 13:08:13.342  3753 23162 D BatteryService: level:98, scale:100, status:2, health:2, present:true, voltage: 4277, temperature: 283, technology: Li-ion, AC powered:false, USB powered:true, POGO powered:false, Wireless powered:false, icon:17303711, invalid charger:0, maxChargingCurrent:0, maxChargingVoltage:0, chargeCounter:0
09-25 13:08:13.342  3753 23162 D BatteryService: online:4, current avg:329, charge type:1, power sharing:false, high voltage charger:false, capacity:280000, batterySWSelfDischarging:false, misc_event:0, current_event:0, current_now:313
09-25 13:08:13.342  3753  3753 D BatteryService: Sending ACTION_BATTERY_CHANGED.
09-25 13:08:13.345  3753  3753 D SamsungPhoneWindowManager: ACTION_BATTERY_CHANGED - Level :: 98, battStatus :: 2
09-25 13:08:13.346  3753  3753 V UiModeManager: updateLocked: null action, mDockState=0, category=null
09-25 13:08:13.346  3753  3753 D UiModeManager: updateConfigurationLocked: mDockState=0; mCarMode=false; mNightMode=1; uiMode=17
09-25 13:08:13.346  3753  3753 D GameManagerService: new battery level: 98
09-25 13:08:13.351  4164  4164 D KeyguardUpdateMonitor: received broadcast android.intent.action.BATTERY_CHANGED
09-25 13:08:13.355  4164  4164 D PowerUI : priorPlugType = 2 mPlugType =  2
09-25 13:08:13.357  4164  4164 D PowerUI.Notification: showChargingNotice oldChargingType : 1 currentChargingType : 1 oldChargingTime : 302000 mChargingTime : 302000
09-25 13:08:13.358  4164  4164 D PowerUI.Notification: There is no change about charging status, so return!
09-25 13:08:13.358  4164  4164 D KeyguardUpdateMonitor: handleBatteryUpdate
09-25 13:08:13.361  4164  4164 D BatteryMeterDrawable: isSomethingChanged - false
09-25 13:08:13.363  4164  4164 D BatteryMeterDrawable: isSomethingChanged - false
09-25 13:08:13.364  4085  4085 V HeadsetService: HeadsetService - Received Intent.ACTION_BATTERY_CHANGED
09-25 13:08:13.364  4085  4990 D HeadsetStateMachine: Disconnected process message: 10, size: 0
09-25 13:08:13.364  4164  4164 D BatteryController: onReceive - ACTION_BATTERY_CHANGED : mLevel = 98
09-25 13:08:13.707  3753  4064 D WifiWatchdogStateMachine:  [|206] []
09-25 13:08:13.818  3753  3764 I art     : Background sticky concurrent mark sweep GC freed 151489(9MB) AllocSpace objects, 217(4MB) LOS objects, 19% free, 62MB/77MB, paused 3.011ms total 105.267ms
09-25 13:08:14.767  5218  5270 D ContactsProvider_EventLog: contents_sample_state: [ contacts(0) data(0) accounts({}) accounts deleted({}) calls([]) countryIso(US) userId(0)  ]
09-25 13:08:14.767  5218  5270 D ContactsProvider_EventLog: contents_sample_state: [ agr({})  ]
09-25 13:08:14.767  5218  5270 D ContactsProvider_EventLog: contents_sample_state: [ actCnt({android.process.acore=1})  ]
09-25 13:08:14.778  5218  5270 E ContactsProvider_EventLog: Flush buffer to file cnt : 1 size : 0Kb duration : 9ms lastUpdatedAfter : 60111 ms mFlush_time_threasold : 2000 mCurrentSize : 257
09-25 13:08:14.933  3753  3986 D WifiStateMachine: Current network is: "Center ID" , ID is: 0
09-25 13:08:15.666  3753  6140 D SSRM:p  : SIOP:: AP = 320, PST = 313 (W:15), CP = 302, CUR = 327, LCD = 148
09-25 13:08:15.673  3753  6140 D SSRM:H  : ssrm_camera_info is null
09-25 13:08:15.690  3753  6140 D SSRM:j  : ATC: power = AP = 380, LCD = 123, WIFI = 0, Camera = 0(Sensor:0, Comp:0), 
09-25 13:08:15.690  3753  6140 D SSRM:j  : ATC: current = AP = 95, LCD = 33, WIFI = 0, Camera = 0(Sensor:0, Comp:0), 
09-25 13:08:15.691  3753  6140 D SSRM:j  : ATC: Ambient Temperature = 31.34, Skin temperature = 32.41
09-25 13:08:17.862  4885  4885 D io_stats: !@   8,0 r 1460644 104842724 w 2512202 46502256 d 156557 74045352 f 779606 838402 iot 2278600 1727258 th 364028 0 0 pt 0 inp 0 0 687588.670
09-25 13:08:17.979  3753  3986 D WifiStateMachine: Current network is: "Center ID" , ID is: 0
09-25 13:08:20.003  3753  3753 V DeviceStorageMonitorService: restatDataDir : /data= 1778287/1789952
09-25 13:08:20.004  3753  3753 V DeviceStorageMonitorService: freeMemory=52179976192
09-25 13:08:20.004  3753  3753 I DeviceStorageMonitorService: Posting Message again
09-25 13:08:21.023  3753  3986 D WifiStateMachine: Current network is: "Center ID" , ID is: 0
09-25 13:08:22.868  4885  4885 D io_stats: !@   8,0 r 1460644 104842724 w 2512207 46502308 d 156558 74045356 f 779607 838403 iot 2278600 1727260 th 364728 0 0 pt 0 inp 0 0 687593.676
09-25 13:08:23.468  3753 23273 D BatteryService: !@BatteryListener : batteryPropertiesChanged!
09-25 13:08:23.468  3753 23273 D BatteryService: level:98, scale:100, status:2, health:2, present:true, voltage: 4276, temperature: 284, technology: Li-ion, AC powered:false, USB powered:true, POGO powered:false, Wireless powered:false, icon:17303711, invalid charger:0, maxChargingCurrent:0, maxChargingVoltage:0, chargeCounter:0
09-25 13:08:23.468  3753 23273 D BatteryService: online:4, current avg:329, charge type:1, power sharing:false, high voltage charger:false, capacity:280000, batterySWSelfDischarging:false, misc_event:0, current_event:0, current_now:349
09-25 13:08:23.469  3753  3753 D BatteryService: Sending ACTION_BATTERY_CHANGED.
09-25 13:08:23.472  3753  3753 D SamsungPhoneWindowManager: ACTION_BATTERY_CHANGED - Level :: 98, battStatus :: 2
09-25 13:08:23.472  3753  3753 V UiModeManager: updateLocked: null action, mDockState=0, category=null
09-25 13:08:23.472  3753  3753 D UiModeManager: updateConfigurationLocked: mDockState=0; mCarMode=false; mNightMode=1; uiMode=17
09-25 13:08:23.472  3753  3753 D GameManagerService: new battery level: 98
09-25 13:08:23.476  4164  4164 D KeyguardUpdateMonitor: received broadcast android.intent.action.BATTERY_CHANGED
09-25 13:08:23.477  4164  4164 D KeyguardUpdateMonitor: handleBatteryUpdate
09-25 13:08:23.481  4164  4164 D PowerUI : priorPlugType = 2 mPlugType =  2
09-25 13:08:23.483  4164  4164 D PowerUI.Notification: showChargingNotice oldChargingType : 1 currentChargingType : 1 oldChargingTime : 302000 mChargingTime : 289000
09-25 13:08:23.483  4164  4164 D PowerUI.Notification: showChargingNotification()
09-25 13:08:23.487  4085  4085 V HeadsetService: HeadsetService - Received Intent.ACTION_BATTERY_CHANGED
09-25 13:08:23.487  4085  4990 D HeadsetStateMachine: Disconnected process message: 10, size: 0
09-25 13:08:23.498  3753  7288 D ApplicationPolicy: isStatusBarNotificationAllowedAsUser: packageName = com.android.systemui,userId = -1
09-25 13:08:23.502  4164  4164 D BatteryMeterDrawable: isSomethingChanged - false
09-25 13:08:23.503  4164  4164 D BatteryMeterDrawable: isSomethingChanged - false
09-25 13:08:23.505  4164  4164 D BatteryController: onReceive - ACTION_BATTERY_CHANGED : mLevel = 98
09-25 13:08:24.059  3753  3986 D WifiStateMachine: Current network is: "Center ID" , ID is: 0
09-25 13:08:25.322  3753  3921 D SamsungAlarmManager: Expired : 8
09-25 13:08:25.325  3753  3921 I SamsungAlarmManager: setLocked to kernel - T:3 / 20170925T130900, SetElapsed=3619399776, nowELAPSED=3619365100
09-25 13:08:25.327  3753  3921 V SamsungAlarmManager: Sending to uid : 10026 action=null alarm=Alarm{857f0ae type 3 when 3619365098 com.google.android.gms}
09-25 13:08:25.340  3753  3824 D CompatibilityInfo: mCompatibilityFlags - 0
09-25 13:08:25.341  3753  3824 D CompatibilityInfo: applicationDensity - 420
09-25 13:08:25.341  3753  3824 D CompatibilityInfo: applicationScale - 1.0
09-25 13:08:25.351  3753  3971 D CompatibilityInfo: mCompatibilityFlags - 0
09-25 13:08:25.351  3753  3971 D CompatibilityInfo: applicationDensity - 420
09-25 13:08:25.351  3753  3971 D CompatibilityInfo: applicationScale - 1.0
09-25 13:08:25.382  3753  3811 D CompatibilityInfo: mCompatibilityFlags - 0
09-25 13:08:25.382  3753  3811 D CompatibilityInfo: applicationDensity - 420
09-25 13:08:25.382  3753  3811 D CompatibilityInfo: applicationScale - 1.0
09-25 13:08:25.396  3753  7287 D CompatibilityInfo: mCompatibilityFlags - 0
09-25 13:08:25.396  3753  7287 D CompatibilityInfo: applicationDensity - 420
09-25 13:08:25.396  3753  7287 D CompatibilityInfo: applicationScale - 1.0
09-25 13:08:25.406  3753   556 D CompatibilityInfo: mCompatibilityFlags - 0
09-25 13:08:25.406  3753   556 D CompatibilityInfo: applicationDensity - 420
09-25 13:08:25.406  3753   556 D CompatibilityInfo: applicationScale - 1.0
09-25 13:08:25.453  3753  4599 D CompatibilityInfo: mCompatibilityFlags - 0
09-25 13:08:25.454  3753  4599 D CompatibilityInfo: applicationDensity - 420
09-25 13:08:25.454  3753  4599 D CompatibilityInfo: applicationScale - 1.0
09-25 13:08:25.511  3753 12279 D SamsungAlarmManager: setInexact Intent (T:3/F:0/AC:false) 20170925T130925 - CU:10026/CP:28476
09-25 13:08:25.713  3753  6140 D SSRM:p  : SIOP:: AP = 320, PST = 314 (W:15), CP = 301, CUR = 328, LCD = 148
09-25 13:08:25.719  3753  6140 D SSRM:H  : ssrm_camera_info is null
09-25 13:08:25.735  3753  6140 D SSRM:j  : ATC: power = AP = 392, LCD = 123, WIFI = 0, Camera = 0(Sensor:0, Comp:0), 
09-25 13:08:25.735  3753  6140 D SSRM:j  : ATC: current = AP = 98, LCD = 33, WIFI = 0, Camera = 0(Sensor:0, Comp:0), 
09-25 13:08:25.736  3753  6140 D SSRM:j  : ATC: Ambient Temperature = 31.37, Skin temperature = 32.44
09-25 13:08:27.101  3753  3986 D WifiStateMachine: Current network is: "Center ID" , ID is: 0
09-25 13:08:27.874  4885  4885 D io_stats: !@   8,0 r 1460644 104842724 w 2512224 46502384 d 156558 74045356 f 779611 838407 iot 2278608 1727264 th 364600 0 0 pt 0 inp 0 0 687598.682
09-25 13:08:30.145  3753  3986 D WifiStateMachine: Current network is: "Center ID" , ID is: 0
09-25 13:08:32.882  4885  4885 D io_stats: !@   8,0 r 1460644 104842724 w 2512229 46502508 d 156558 74045356 f 779612 838408 iot 2278616 1727267 th 364592 0 0 pt 0 inp 0 0 687603.690
09-25 13:08:33.192  3753  3986 D WifiStateMachine: Current network is: "Center ID" , ID is: 0
09-25 13:08:33.607  3753  5150 D BatteryService: !@BatteryListener : batteryPropertiesChanged!
09-25 13:08:33.608  3753  5150 D BatteryService: level:98, scale:100, status:2, health:2, present:true, voltage: 4278, temperature: 284, technology: Li-ion, AC powered:false, USB powered:true, POGO powered:false, Wireless powered:false, icon:17303711, invalid charger:0, maxChargingCurrent:0, maxChargingVoltage:0, chargeCounter:0
09-25 13:08:33.608  3753  5150 D BatteryService: online:4, current avg:332, charge type:1, power sharing:false, high voltage charger:false, capacity:280000, batterySWSelfDischarging:false, misc_event:0, current_event:0, current_now:369
09-25 13:08:33.608  3753  3753 D BatteryService: Sending ACTION_BATTERY_CHANGED.
09-25 13:08:33.616  3753  3753 D SamsungPhoneWindowManager: ACTION_BATTERY_CHANGED - Level :: 98, battStatus :: 2
09-25 13:08:33.617  3753  3753 V UiModeManager: updateLocked: null action, mDockState=0, category=null
09-25 13:08:33.617  3753  3753 D UiModeManager: updateConfigurationLocked: mDockState=0; mCarMode=false; mNightMode=1; uiMode=17
09-25 13:08:33.622  3753  3753 D GameManagerService: new battery level: 98
09-25 13:08:33.625  4164  4164 D KeyguardUpdateMonitor: received broadcast android.intent.action.BATTERY_CHANGED
09-25 13:08:33.629  4164  4164 D PowerUI : priorPlugType = 2 mPlugType =  2
09-25 13:08:33.632  4164  4164 D PowerUI.Notification: showChargingNotice oldChargingType : 1 currentChargingType : 1 oldChargingTime : 289000 mChargingTime : 289000
09-25 13:08:33.632  4164  4164 D PowerUI.Notification: There is no change about charging status, so return!
09-25 13:08:33.632  4164  4164 D KeyguardUpdateMonitor: handleBatteryUpdate
09-25 13:08:33.636  4164  4164 D BatteryMeterDrawable: isSomethingChanged - false
09-25 13:08:33.636  4085  4085 V HeadsetService: HeadsetService - Received Intent.ACTION_BATTERY_CHANGED
09-25 13:08:33.637  4085  4990 D HeadsetStateMachine: Disconnected process message: 10, size: 0
09-25 13:08:33.637  4164  4164 D BatteryMeterDrawable: isSomethingChanged - false
09-25 13:08:33.639  4164  4164 D BatteryController: onReceive - ACTION_BATTERY_CHANGED : mLevel = 98
09-25 13:08:35.098  3753  3753 D UsbMonitorService: readUsbState++
09-25 13:08:35.100  3753  3753 D UsbMonitorService: !@readUsbState 0 0 0 0 0 0 0 0 0 0 0 0 1 0 0 0 0 0 0 0 0 0 0 0 0 0 0 0 0 0 0 0
09-25 13:08:35.100  3753  3753 D UsbMonitorService: stringToFile /efs/usb_hw_param/usb_hw_param.log , 0 0 0 0 0 0 0 0 0 0 0 0 1 0 0 0 0 0 0 0 0 0 0 0 0 0 0 0 0 0 0 0
09-25 13:08:35.103  3753  3753 D UsbMonitorService: Posting Message again
09-25 13:08:35.760  3753  6140 D SSRM:p  : SIOP:: AP = 320, PST = 314 (W:15), CP = 301, CUR = 331, LCD = 148
09-25 13:08:35.772  3753  6140 D SSRM:H  : ssrm_camera_info is null
09-25 13:08:35.792  3753  6140 D SSRM:j  : ATC: power = AP = 384, LCD = 123, WIFI = 0, Camera = 0(Sensor:0, Comp:0), 
09-25 13:08:35.792  3753  6140 D SSRM:j  : ATC: current = AP = 96, LCD = 33, WIFI = 0, Camera = 0(Sensor:0, Comp:0), 
09-25 13:08:35.794  3753  6140 D SSRM:j  : ATC: Ambient Temperature = 31.41, Skin temperature = 32.46
09-25 13:08:36.235  3753  3986 D WifiStateMachine: Current network is: "Center ID" , ID is: 0
09-25 13:08:37.295  3753  3829 E BatteryStatsService: no controller energy info supplied
09-25 13:08:37.301  4085  4234 W bt_btif : btif_dm_upstreams_cback  ev: BTA_DM_ENER_INFO_READ
09-25 13:08:37.887  4885  4885 D io_stats: !@   8,0 r 1460644 104842724 w 2512237 46503016 d 156558 74045356 f 779614 838410 iot 2278620 1727273 th 364204 0 0 pt 0 inp 0 0 687608.695
09-25 13:08:39.275  3753  4481 E Watchdog: !@Sync 22906 [25_Sep_13_08_39.275]
09-25 13:08:39.286  3753  3986 D WifiStateMachine: Current network is: "Center ID" , ID is: 0
09-25 13:08:42.326  3753  3986 D WifiStateMachine: Current network is: "Center ID" , ID is: 0
09-25 13:08:42.893  4885  4885 D io_stats: !@   8,0 r 1460644 104842724 w 2512240 46503044 d 156559 74045360 f 779614 838412 iot 2278624 1727276 th 364076 0 0 pt 0 inp 0 0 687613.701
09-25 13:08:43.745  3753 32522 D BatteryService: !@BatteryListener : batteryPropertiesChanged!
09-25 13:08:43.746  3753 32522 D BatteryService: level:98, scale:100, status:2, health:2, present:true, voltage: 4275, temperature: 284, technology: Li-ion, AC powered:false, USB powered:true, POGO powered:false, Wireless powered:false, icon:17303711, invalid charger:0, maxChargingCurrent:0, maxChargingVoltage:0, chargeCounter:0
09-25 13:08:43.746  3753 32522 D BatteryService: online:4, current avg:331, charge type:1, power sharing:false, high voltage charger:false, capacity:280000, batterySWSelfDischarging:false, misc_event:0, current_event:0, current_now:267
09-25 13:08:43.746  3753  3753 D BatteryService: Sending ACTION_BATTERY_CHANGED.
09-25 13:08:43.751  3753  3753 D SamsungPhoneWindowManager: ACTION_BATTERY_CHANGED - Level :: 98, battStatus :: 2
09-25 13:08:43.751  3753  3753 V UiModeManager: updateLocked: null action, mDockState=0, category=null
09-25 13:08:43.751  3753  3753 D UiModeManager: updateConfigurationLocked: mDockState=0; mCarMode=false; mNightMode=1; uiMode=17
09-25 13:08:43.755  3753  3753 D GameManagerService: new battery level: 98
09-25 13:08:43.761  4164  4164 D KeyguardUpdateMonitor: received broadcast android.intent.action.BATTERY_CHANGED
09-25 13:08:43.770  4164  4164 D PowerUI : priorPlugType = 2 mPlugType =  2
09-25 13:08:43.772  4085  4085 V HeadsetService: HeadsetService - Received Intent.ACTION_BATTERY_CHANGED
09-25 13:08:43.772  4164  4164 D PowerUI.Notification: showChargingNotice oldChargingType : 1 currentChargingType : 1 oldChargingTime : 289000 mChargingTime : 271000
09-25 13:08:43.772  4164  4164 D PowerUI.Notification: showChargingNotification()
09-25 13:08:43.772  4085  4990 D HeadsetStateMachine: Disconnected process message: 10, size: 0
09-25 13:08:43.783  3753  5145 D ApplicationPolicy: isStatusBarNotificationAllowedAsUser: packageName = com.android.systemui,userId = -1
09-25 13:08:43.790  4164  4164 D KeyguardUpdateMonitor: handleBatteryUpdate
09-25 13:08:43.793  4164  4164 D BatteryMeterDrawable: isSomethingChanged - false
09-25 13:08:43.794  4164  4164 D BatteryMeterDrawable: isSomethingChanged - false
09-25 13:08:43.796  4164  4164 D BatteryController: onReceive - ACTION_BATTERY_CHANGED : mLevel = 98
09-25 13:08:45.365  3753  3986 D WifiStateMachine: Current network is: "Center ID" , ID is: 0
09-25 13:08:45.818  3753  6140 D SSRM:p  : SIOP:: AP = 320, PST = 315 (W:15), CP = 301, CUR = 330, LCD = 148
09-25 13:08:45.828  3753  6140 D SSRM:H  : ssrm_camera_info is null
09-25 13:08:45.848  3753  6140 D SSRM:j  : ATC: power = AP = 392, LCD = 123, WIFI = 0, Camera = 0(Sensor:0, Comp:0), 
09-25 13:08:45.848  3753  6140 D SSRM:j  : ATC: current = AP = 98, LCD = 33, WIFI = 0, Camera = 0(Sensor:0, Comp:0), 
09-25 13:08:45.852  3753  6140 D SSRM:j  : ATC: Ambient Temperature = 31.44, Skin temperature = 32.48
09-25 13:08:47.897  4885  4885 D io_stats: !@   8,0 r 1460644 104842724 w 2512253 46503144 d 156560 74045812 f 779619 838417 iot 2278628 1727282 th 364228 0 0 pt 0 inp 0 0 687618.706
09-25 13:08:48.361  3753  3938 I TLC_TIMA_PKM_measure_kernel: TIMA: response_id = 3
09-25 13:08:48.361  3753  3938 I TLC_TIMA_PKM_measure_kernel: TIMA: response ret = 0, result_ondemand = MSG=Kernel Verification Success;
09-25 13:08:48.406  3753  3986 D WifiStateMachine: Current network is: "Center ID" , ID is: 0
09-25 13:08:49.419  4164  4614 D NetworkController.MobileSignalController(0/-2): onSignalStrengthsChanged signalStrength=SignalStrength: 16 99 -16 -200 -16 -200 -1 99 2147483647 2147483647 2147483647 2147483647 2147483647 0x4 gsm|lte level=4
09-25 13:08:49.419  4164  4614 D NetworkController.MobileSignalController(0/-2): getMobileIconGroup(): 0
09-25 13:08:49.426  4164  4614 D NetworkController.MobileSignalController(0/-2): updateLTEMobileIconGroup(): 0
09-25 13:08:51.429  3753  3986 D WifiStateMachine: Current network is: "Center ID" , ID is: 0
09-25 13:08:52.902  4885  4885 D io_stats: !@   8,0 r 1460644 104842724 w 2512263 46503192 d 156560 74045812 f 779620 838418 iot 2278632 1727284 th 364228 0 0 pt 0 inp 0 0 687623.710
09-25 13:08:53.868  3753  5165 D BatteryService: !@BatteryListener : batteryPropertiesChanged!
09-25 13:08:53.869  3753  5165 D BatteryService: level:98, scale:100, status:2, health:2, present:true, voltage: 4277, temperature: 284, technology: Li-ion, AC powered:false, USB powered:true, POGO powered:false, Wireless powered:false, icon:17303711, invalid charger:0, maxChargingCurrent:0, maxChargingVoltage:0, chargeCounter:0
09-25 13:08:53.869  3753  5165 D BatteryService: online:4, current avg:324, charge type:1, power sharing:false, high voltage charger:false, capacity:280000, batterySWSelfDischarging:false, misc_event:0, current_event:0, current_now:300
09-25 13:08:53.869  3753  3753 D BatteryService: Sending ACTION_BATTERY_CHANGED.
09-25 13:08:53.875  4164  4164 D KeyguardUpdateMonitor: received broadcast android.intent.action.BATTERY_CHANGED
09-25 13:08:53.875  4164  4164 D KeyguardUpdateMonitor: handleBatteryUpdate
09-25 13:08:53.877  3753  3753 D SamsungPhoneWindowManager: ACTION_BATTERY_CHANGED - Level :: 98, battStatus :: 2
09-25 13:08:53.877  3753  3753 V UiModeManager: updateLocked: null action, mDockState=0, category=null
09-25 13:08:53.877  3753  3753 D UiModeManager: updateConfigurationLocked: mDockState=0; mCarMode=false; mNightMode=1; uiMode=17
09-25 13:08:53.877  3753  3753 D GameManagerService: new battery level: 98
09-25 13:08:53.882  4164  4164 D PowerUI : priorPlugType = 2 mPlugType =  2
09-25 13:08:53.886  4164  4164 D PowerUI.Notification: showChargingNotice oldChargingType : 1 currentChargingType : 1 oldChargingTime : 271000 mChargingTime : 271000
09-25 13:08:53.887  4164  4164 D PowerUI.Notification: There is no change about charging status, so return!
09-25 13:08:53.891  4164  4164 D BatteryMeterDrawable: isSomethingChanged - false
09-25 13:08:53.894  4085  4085 V HeadsetService: HeadsetService - Received Intent.ACTION_BATTERY_CHANGED
09-25 13:08:53.895  4085  4990 D HeadsetStateMachine: Disconnected process message: 10, size: 0
09-25 13:08:53.896  4164  4164 D BatteryMeterDrawable: isSomethingChanged - false
09-25 13:08:53.897  4164  4164 D BatteryController: onReceive - ACTION_BATTERY_CHANGED : mLevel = 98
09-25 13:08:53.915  4164  4614 D NetworkController.MobileSignalController(0/-2): onSignalStrengthsChanged signalStrength=SignalStrength: 15 99 -15 -200 -15 -200 -1 99 2147483647 2147483647 2147483647 2147483647 2147483647 0x4 gsm|lte level=4
09-25 13:08:53.916  4164  4614 D NetworkController.MobileSignalController(0/-2): getMobileIconGroup(): 0
09-25 13:08:53.916  4164  4614 D NetworkController.MobileSignalController(0/-2): updateLTEMobileIconGroup(): 0
09-25 13:08:54.463  3753  3986 D WifiStateMachine: Current network is: "Center ID" , ID is: 0
09-25 13:08:55.869  3753  6140 D SSRM:p  : SIOP:: AP = 320, PST = 316 (W:15), CP = 303, CUR = 316, LCD = 148
09-25 13:08:55.878  3753  6140 D SSRM:H  : ssrm_camera_info is null
09-25 13:08:55.897  3753  6140 D SSRM:j  : ATC: power = AP = 416, LCD = 123, WIFI = 0, Camera = 0(Sensor:0, Comp:0), 
09-25 13:08:55.897  3753  6140 D SSRM:j  : ATC: current = AP = 104, LCD = 33, WIFI = 0, Camera = 0(Sensor:0, Comp:0), 
09-25 13:08:55.899  3753  6140 D SSRM:j  : ATC: Ambient Temperature = 31.47, Skin temperature = 32.50
09-25 13:08:56.401  4164  4614 D NetworkController.MobileSignalController(0/-2): onCellLocationChanged
09-25 13:08:57.507  3753  3986 D WifiStateMachine: Current network is: "Center ID" , ID is: 0
09-25 13:08:58.901  4164  4614 D NetworkController.MobileSignalController(0/-2): onSignalStrengthsChanged signalStrength=SignalStrength: 15 99 -8 -200 -8 -200 -1 0 2147483647 2147483647 2147483647 2147483647 2147483647 0x3 gsm|lte level=3
09-25 13:08:58.902  4164  4614 D NetworkController.MobileSignalController(0/-2): getMobileIconGroup(): 0
09-25 13:08:58.902  4164  4614 D NetworkController.MobileSignalController(0/-2): updateLTEMobileIconGroup(): 0
09-25 13:09:00.001  3753  3921 D SamsungAlarmManager: Expired : 8
09-25 13:09:00.002  3753  3921 I SamsungAlarmManager: setLocked to kernel - T:3 / 20170925T130925, SetElapsed=3619425280, nowELAPSED=3619399778
09-25 13:09:00.004  3753  3921 V SamsungAlarmManager: Sending to uid : 1000 action=android.intent.action.TIME_TICK alarm=Alarm{c77e15e type 3 when 3619399776 android}
09-25 13:09:00.011  3753  3921 V SamsungAlarmManager: Sending to uid : 10081 action=com.samsung.action.EVERY_MINUTE_CLOCK_UPDATE alarm=Alarm{269c93f type 1 when 1506370140000 com.sec.android.app.launcher}
09-25 13:09:00.018 11726 11726 I Launcher: onReceive: com.samsung.action.EVERY_MINUTE_CLOCK_UPDATE
09-25 13:09:00.023  3753  3753 D SamsungAlarmManager: setExact Intent (T:3/F:1/AC:false) 20170925T131000 - CU:1000/CP:3753
09-25 13:09:00.031  4164  4164 D KeyguardUpdateMonitor: received broadcast android.intent.action.TIME_TICK
09-25 13:09:00.032  4164  4164 D KeyguardUpdateMonitor: handleTimeUpdate#start
09-25 13:09:00.037  4164  4614 D NetworkController.MobileSignalController(0/-2): onSignalStrengthsChanged signalStrength=SignalStrength: 18 99 -18 -200 -18 -200 -1 99 2147483647 2147483647 2147483647 2147483647 2147483647 0x3 gsm|lte level=3
09-25 13:09:00.037  4164  4614 D NetworkController.MobileSignalController(0/-2): getMobileIconGroup(): 0
09-25 13:09:00.038  4164  4614 D NetworkController.MobileSignalController(0/-2): updateLTEMobileIconGroup(): 0
09-25 13:09:00.044  4164  4164 D KeyguardUpdateMonitor: handleTimeUpdate#end
09-25 13:09:00.045  4164  4164 D SystemUI_Clock: Clock received ACTION_TIME_TICK : start
09-25 13:09:00.050  3753  4570 D SamsungAlarmManager: setInexact Intent (T:1/F:0/AC:false) 20170925T131000 - CU:10081/CP:11726
09-25 13:09:00.051 11726 11726 I IconView: applyFromShortcutInfo - start GetLive : com.samsung.android.calendar
09-25 13:09:00.051 11726 11726 I IconView: applyFromShortcutInfo - end GetLive : com.samsung.android.calendar
09-25 13:09:00.052  4164  4164 D SystemUI_Clock: Clock received ACTION_TIME_TICK : end
09-25 13:09:00.069  4164  4164 D TextClock: TextClock received ACTION_TIME_TICK : start
09-25 13:09:00.069  4164  4164 D TextClock: TextClock received ACTION_TIME_TICK : end
09-25 13:09:00.077  4164  4164 D TextClock: TextClock received ACTION_TIME_TICK : start
09-25 13:09:00.078  4164  4164 D TextClock: TextClock received ACTION_TIME_TICK : end
09-25 13:09:00.095  4164  4164 D TextClock: TextClock received ACTION_TIME_TICK : start
09-25 13:09:00.096  4164  4164 D TextClock: TextClock received ACTION_TIME_TICK : end
09-25 13:09:00.100 11726 11828 D ApplicationPackageManager: we has com.samsung.android.calendar class. reuse it 
09-25 13:09:00.113  4164  4164 D SystemUI_DateView: DateView received ACTION_TIME_TICK : start
09-25 13:09:00.114  4164  4164 D SystemUI_DateView: DateView received ACTION_TIME_TICK : end
09-25 13:09:00.116  4164  4164 D SystemUI_Clock: Clock received ACTION_TIME_TICK : start
09-25 13:09:00.117 11726 11828 I ApplicationPackageManager: load= live icon for com.samsung.android.calendar, from overlay = false
09-25 13:09:00.119  4164  4164 D SystemUI_Clock: Clock received ACTION_TIME_TICK : end
09-25 13:09:00.122  4164  4164 D DateTimeView: DateTimeView received ACTION_TIME_TICK : start
09-25 13:09:00.125 11726 11828 I LiveIconFactory: onFutureDone: done: com.samsung.android.calendar,UserHandle{0}
09-25 13:09:00.126 11726 11828 D LiveIconManager: onResponseLiveIcon: 
09-25 13:09:00.135  4164  4164 D DateTimeView: DateTimeView received ACTION_TIME_TICK : end
09-25 13:09:00.143  4164  4164 D TextClock: TextClock received ACTION_TIME_TICK : start
09-25 13:09:00.143  4164  4164 D TextClock: TextClock received ACTION_TIME_TICK : end
09-25 13:09:00.145  4164  4164 D TextClock: TextClock received ACTION_TIME_TICK : start
09-25 13:09:00.145  4164  4164 D TextClock: TextClock received ACTION_TIME_TICK : end
09-25 13:09:00.149  4164  4164 D TextClock: TextClock received ACTION_TIME_TICK : start
09-25 13:09:00.149  4164  4164 D TextClock: TextClock received ACTION_TIME_TICK : end
09-25 13:09:00.152  4164  4164 D TextClock: TextClock received ACTION_TIME_TICK : start
09-25 13:09:00.152  4164  4164 D TextClock: TextClock received ACTION_TIME_TICK : end
09-25 13:09:00.170 10034 10034 D [WeatherWidget(1419)]  WeatherService: {[B73D43639EB27FAA34EF41A6129C1FA787B8DDA06B4FC8C3DFFF289A8228DE1D07957C4CB0877FB29CB85D37C68D39BF076A5D6720D2DA7CE46EF7EA2858EC07]}
09-25 13:09:00.172 10034 10034 D [WeatherWidget(1419)]  : {[3AE6950019B083611567B0F9442DB03E36B37708FCADB7FDDBA670B1362D994454BFFFDA2568816BBDDA6DD60F644DCF]}
09-25 13:09:00.173 10034 10034 D [WeatherWidget(1419)]  DB L2: {[610591C4E30FED4A153FF198DAC84EFEE3319B0D622FD4A19809E90ED3C1398368D658B139FCCB8B9564F5B4E9CB634E7AE522204D69541837278C12FC4D56C4]}
09-25 13:09:00.174 10034 10034 D [WeatherWidget(1419)]  DB L2: {[610591C4E30FED4A153FF198DAC84EFE259FA03515F619060291D19B9A2E73CB46DA064369D1073FED4BA9669B425DCA2F9AFD73E4C16FD237A20C365C6C0EBC042D033B7695B49578DB130BDB91E316]}
09-25 13:09:00.175 10034 10034 D [WeatherWidget(1419)]  DB L2: {[610591C4E30FED4A153FF198DAC84EFE1A65FB0EE8B7C5763A9CB231BC13495C0980BD17AB2024B4E3F440D28DAC546BE4E79A308D2BBFD4C9C13FF206751706]}
09-25 13:09:00.177 10034 10034 D [WeatherWidget(1419)]  : {[3AE6950019B083611567B0F9442DB03EF4A0ECA9EDEEE1C6764DEF6294C10F4F0BAD60A0CC696E8D15537EBE77D0F441F941FE30DFEB6E45A2BAA0295B86238B6B5477898ADD292C8EB7917680951853]}
09-25 13:09:00.178 10034 10034 D [WeatherWidget(1419)]  : {[A1AF0F6A1A65A89C43D705938923D0FED9F017AC968F769D13056A52E2EF789FED5E1CDACF1E7495B3F28FA30B553C2BF648A4B398CE49D64001AEFFCDB50B1E92CF14452525A32B29FFD262AF3D14039132573BB5F2147CEF1C02F8D1F9330E70A892139A0E419FC4B33BF6F4EFEB09]}
09-25 13:09:00.179 10034 10034 D [WeatherWidget(1419)]  : {[F15017C87652A92E41991279A492DE22A84D3F984AA5847F848B46EA353416DE]}
09-25 13:09:00.550  3753  3986 D WifiStateMachine: Current network is: "Center ID" , ID is: 0
09-25 13:09:01.479  4164  4614 D NetworkController.MobileSignalController(0/-2): onSignalStrengthsChanged signalStrength=SignalStrength: 18 99 -16 -200 -16 -200 -1 0 2147483647 2147483647 2147483647 2147483647 2147483647 0x4 gsm|lte level=4
09-25 13:09:01.479  4164  4614 D NetworkController.MobileSignalController(0/-2): getMobileIconGroup(): 0
09-25 13:09:01.479  4164  4614 D NetworkController.MobileSignalController(0/-2): updateLTEMobileIconGroup(): 0
09-25 13:09:03.588  3753  3986 D WifiStateMachine: Current network is: "Center ID" , ID is: 0
09-25 13:09:04.021  3753  5150 D BatteryService: !@BatteryListener : batteryPropertiesChanged!
09-25 13:09:04.022  3753  5150 D BatteryService: level:98, scale:100, status:2, health:2, present:true, voltage: 4280, temperature: 285, technology: Li-ion, AC powered:false, USB powered:true, POGO powered:false, Wireless powered:false, icon:17303711, invalid charger:0, maxChargingCurrent:0, maxChargingVoltage:0, chargeCounter:0
09-25 13:09:04.022  3753  5150 D BatteryService: online:4, current avg:320, charge type:1, power sharing:false, high voltage charger:false, capacity:280000, batterySWSelfDischarging:false, misc_event:0, current_event:0, current_now:315
09-25 13:09:04.024  3753  3753 D BatteryService: Sending ACTION_BATTERY_CHANGED.
09-25 13:09:04.029  3753  3753 D SamsungPhoneWindowManager: ACTION_BATTERY_CHANGED - Level :: 98, battStatus :: 2
09-25 13:09:04.029  3753  3753 V UiModeManager: updateLocked: null action, mDockState=0, category=null
09-25 13:09:04.029  3753  3753 D UiModeManager: updateConfigurationLocked: mDockState=0; mCarMode=false; mNightMode=1; uiMode=17
09-25 13:09:04.029  3753  3753 D GameManagerService: new battery level: 98
09-25 13:09:04.030  4164  4164 D KeyguardUpdateMonitor: received broadcast android.intent.action.BATTERY_CHANGED
09-25 13:09:04.030  4164  4164 D KeyguardUpdateMonitor: handleBatteryUpdate
09-25 13:09:04.035  4164  4164 D PowerUI : priorPlugType = 2 mPlugType =  2
09-25 13:09:04.038  4085  4085 V HeadsetService: HeadsetService - Received Intent.ACTION_BATTERY_CHANGED
09-25 13:09:04.039  4085  4990 D HeadsetStateMachine: Disconnected process message: 10, size: 0
09-25 13:09:04.041  4164  4164 D PowerUI.Notification: showChargingNotice oldChargingType : 1 currentChargingType : 1 oldChargingTime : 271000 mChargingTime : 271000
09-25 13:09:04.041  4164  4164 D PowerUI.Notification: There is no change about charging status, so return!
