09-25 13:09:44.843  3753  4581 D MountService: MountService getExternalStorageMountMode : final mountMode=1, uid : 10212, packageName : com.google.android.instantapps.supervisor
09-25 13:09:44.849 23894 23894 I LoadedApk: No resource references to update in package FFFFFFFFFFFFFFFFFFFFFF
09-25 13:09:44.864 23912 23912 E Zygote  : v2
09-25 13:09:44.864 23912 23912 I libpersona: KNOX_SDCARD checking this for 10212
09-25 13:09:44.864 23912 23912 I libpersona: KNOX_SDCARD not a persona
09-25 13:09:44.864  3753  4581 I ActivityManager: Start proc 23912:com.google.android.instantapps.supervisor/u0a212 for broadcast com.google.android.instantapps.supervisor/.ExperimentUpdateReceiver
09-25 13:09:44.865 23912 23912 E Zygote  : accessInfo : 0
09-25 13:09:44.866 23912 23912 W SELinux : SELinux selinux_android_compute_policy_index : Policy Index[2],  Con:u:r:zygote:s0 RAM:SEPF_SECMOBILE_7.0_0007, [-1 -1 -1 -1 0 1]
09-25 13:09:44.869 23912 23912 I SELinux : SELinux: seapp_context_lookup: seinfo=untrusted, level=s0:c512,c768, pkgname=com.google.android.instantapps.supervisor 
09-25 13:09:44.893 28476 23853 I NetRec  : [22010] ConfigChangedIntentOperation.onHandleIntent: Handling a Phenotype update
09-25 13:09:44.893 28476 23853 I NetRec  : [22010] yje.b: onConfigChanged()
09-25 13:09:44.917 28476 23853 I NetRec  : [22010] yje.b: Cancelling all NetRec GCM tasks
09-25 13:09:44.918 28476 23826 I NetRec  : [22007] ClearDatabaseService.onHandleIntent: Clearing score cache
09-25 13:09:44.963 23894 23894 V NativeCrypto: Registering com/google/android/gms/org/conscrypt/NativeCrypto's 259 native methods...
09-25 13:09:44.968 23912 23912 D TimaKeyStoreProvider: TimaKeyStore is not enabled: cannot add TimaSignature Service and generateKeyPair Service
09-25 13:09:44.972  3753 23223 D CompatibilityInfo: mCompatibilityFlags - 0
09-25 13:09:44.972  3753 23223 D CompatibilityInfo: applicationDensity - 420
09-25 13:09:44.972  3753 23223 D CompatibilityInfo: applicationScale - 1.0
09-25 13:09:44.972  3753 23223 I ActivityManager: DSS on for com.google.android.instantapps.supervisor and scale is 1.0
09-25 13:09:44.973  3753 23223 D CompatibilityInfo: mCompatibilityFlags - 0
09-25 13:09:44.974  3753 23223 D CompatibilityInfo: applicationDensity - 420
09-25 13:09:44.974  3753 23223 D CompatibilityInfo: applicationScale - 1.0
09-25 13:09:44.981  3753  3811 D DevicePolicyManagerService: PfW getPlayForWorkProxy() 0
09-25 13:09:44.983  3753 23223 D CompatibilityInfo: mCompatibilityFlags - 0
09-25 13:09:44.983  3753 23223 D CompatibilityInfo: applicationDensity - 420
09-25 13:09:44.983  3753 23223 D CompatibilityInfo: applicationScale - 1.0
09-25 13:09:44.985  3753  3811 D DevicePolicyManagerService: PfW getPlayForWorkProxy() flags & FLAG_ALLOW_PROXY_FOR_PFW 0
09-25 13:09:44.985  3753  3811 D DevicePolicyManagerService: PfW getPlayForWorkProxy() flag 0 does not allow PfW
09-25 13:09:44.988 23894 23894 D NetworkSecurityConfig: No Network Security Config specified, using platform default
09-25 13:09:44.989 23894 23894 I ProviderInstaller: Installed default security provider GmsCore_OpenSSL
09-25 13:09:44.995  3753  5145 D SamsungAlarmManager: Cancel Alarm calling from uid:10026 pid :28476 / op:PendingIntent{e337f2c: PendingIntentRecord{78ac9b7 com.google.android.gms broadcastIntent}}
09-25 13:09:44.997 23912 23912 I ResourcesManager: updateResourcesForOpenThemeChange for Desktop mode 
09-25 13:09:45.046 28476 23853 I NetRec  : [22010] ConfigChangedIntentOperation.onHandleIntent: Handling a Phenotype update
09-25 13:09:45.047 28476 23853 I NetRec  : [22010] yje.b: onConfigChanged()
09-25 13:09:45.079  3753  5149 D CompatibilityInfo: mCompatibilityFlags - 0
09-25 13:09:45.079  3753  5149 D CompatibilityInfo: applicationDensity - 420
09-25 13:09:45.079  3753  5149 D CompatibilityInfo: applicationScale - 1.0
09-25 13:09:45.097 28476 23853 I NetRec  : [22010] yje.b: Cancelling all NetRec GCM tasks
09-25 13:09:45.097 28476 23862 I NetRec  : [22011] ClearDatabaseService.onHandleIntent: Clearing score cache
09-25 13:09:45.119  3753  5150 D CompatibilityInfo: mCompatibilityFlags - 0
09-25 13:09:45.119  3753  5150 D CompatibilityInfo: applicationDensity - 420
09-25 13:09:45.119  3753  5150 D CompatibilityInfo: applicationScale - 1.0
09-25 13:09:45.163  3753  7933 D CompatibilityInfo: mCompatibilityFlags - 0
09-25 13:09:45.164  3753  7933 D CompatibilityInfo: applicationDensity - 420
09-25 13:09:45.164  3753  7933 D CompatibilityInfo: applicationScale - 1.0
09-25 13:09:45.191  3753  4600 D CompatibilityInfo: mCompatibilityFlags - 0
09-25 13:09:45.192  3753  4600 D CompatibilityInfo: applicationDensity - 420
09-25 13:09:45.192  3753  4600 D CompatibilityInfo: applicationScale - 1.0
09-25 13:09:45.201 23869 23869 W ett     : Invalid or missing region code () provided.
09-25 13:09:45.237  3753 23047 D CompatibilityInfo: mCompatibilityFlags - 0
09-25 13:09:45.237  3753 23047 D CompatibilityInfo: applicationDensity - 420
09-25 13:09:45.237  3753 23047 D CompatibilityInfo: applicationScale - 1.0
09-25 13:09:45.240  3753  5142 D SamsungAlarmManager: setInexact Intent (T:2/F:0/AC:false) 20170925T133519 - CU:10026/CP:28476
09-25 13:09:45.265  3753  5130 D CompatibilityInfo: mCompatibilityFlags - 0
09-25 13:09:45.265  3753  5130 D CompatibilityInfo: applicationDensity - 420
09-25 13:09:45.265  3753  5130 D CompatibilityInfo: applicationScale - 1.0
09-25 13:09:45.282 21221 23835 W OcrModelUpStIntentOp: Invalid action: com.google.android.gms.phenotype.COMMITTED
09-25 13:09:45.283  3753  4599 D CompatibilityInfo: mCompatibilityFlags - 0
09-25 13:09:45.283  3753  4599 D CompatibilityInfo: applicationDensity - 420
09-25 13:09:45.283  3753  4599 D CompatibilityInfo: applicationScale - 1.0
09-25 13:09:45.293 28476 23862 I PTCommittedOperation: Receive new configuration for com.google.android.gms.people
09-25 13:09:45.342  3753  7287 D CompatibilityInfo: mCompatibilityFlags - 0
09-25 13:09:45.342  3753  7287 D CompatibilityInfo: applicationDensity - 420
09-25 13:09:45.343  3753  7287 D CompatibilityInfo: applicationScale - 1.0
09-25 13:09:45.379  3753  3971 D SamsungAlarmManager: setExact Listener (T:2/F:0/AC:false) 20170925T130945 - CU:1000/CP:3753
09-25 13:09:45.380  3753  3971 I SamsungAlarmManager: setLocked to kernel - T:2 / 20170925T130946, SetElapsed=3619446139, nowELAPSED=3619445156
09-25 13:09:45.404 28476 23853 I NetRec  : [22010] ConfigChangedIntentOperation.onHandleIntent: Handling a Phenotype update
09-25 13:09:45.405 28476 23853 I NetRec  : [22010] yje.b: onConfigChanged()
09-25 13:09:45.415  3753  3971 I SamsungAlarmManager: setLocked to kernel - T:2 / 20170925T130945, SetElapsed=3619445139, nowELAPSED=3619445191
09-25 13:09:45.415  3753  3921 D SamsungAlarmManager: Expired : 4
09-25 13:09:45.416  3753  3971 D SamsungAlarmManager: setInexact Listener (T:2/F:0/AC:false) 20170925T131045 - CU:1000/CP:3753
09-25 13:09:45.416  3753  3921 I SamsungAlarmManager: setLocked to kernel - T:2 / 20170925T131045, SetElapsed=3619505127, nowELAPSED=3619445192
09-25 13:09:45.417  3753  3921 V SamsungAlarmManager: Sending to uid : 1000 listener=android.app.AlarmManager$ListenerWrapper@399a187 alarm=Alarm{a36bfeb type 2 when 3619314273 android}
09-25 13:09:45.418  3753  3921 V SamsungAlarmManager: Sending to uid : 1000 listener=android.app.AlarmManager$ListenerWrapper@388b333 alarm=Alarm{28b8148 type 2 when 3619314273 android}
09-25 13:09:45.418  3753  3921 V SamsungAlarmManager: Sending to uid : 1000 listener=android.app.AlarmManager$ListenerWrapper@914f8f alarm=Alarm{c7a2be1 type 2 when 3619314273 android}
09-25 13:09:45.419  3753  3921 V SamsungAlarmManager: Sending to uid : 1000 listener=android.app.AlarmManager$ListenerWrapper@f004469 alarm=Alarm{a696d06 type 2 when 3619314273 android}
09-25 13:09:45.419  3753  3921 V SamsungAlarmManager: Sending to uid : 1000 listener=android.app.AlarmManager$ListenerWrapper@d6317a1 alarm=Alarm{6bf6fc7 type 2 when 3619314273 android}
09-25 13:09:45.420  3753  3921 V SamsungAlarmManager: Sending to uid : 1000 listener=android.app.AlarmManager$ListenerWrapper@44006f0 alarm=Alarm{e7b69f4 type 2 when 3619314273 android}
09-25 13:09:45.420  3753  3921 V SamsungAlarmManager: Sending to uid : 1000 listener=android.app.AlarmManager$ListenerWrapper@d016bfa alarm=Alarm{b8ca51d type 2 when 3619314273 android}
09-25 13:09:45.420  3753  3921 V SamsungAlarmManager: Sending to uid : 1000 listener=android.app.AlarmManager$ListenerWrapper@8c3f018 alarm=Alarm{69f5392 type 2 when 3619314273 android}
09-25 13:09:45.421  3753  3921 V SamsungAlarmManager: Sending to uid : 1000 listener=android.app.AlarmManager$ListenerWrapper@a2b4eee alarm=Alarm{2394163 type 2 when 3619314273 android}
09-25 13:09:45.421  3753  3921 V SamsungAlarmManager: Sending to uid : 1000 listener=android.app.AlarmManager$ListenerWrapper@bea4dc6 alarm=Alarm{9df3160 type 2 when 3619314273 android}
09-25 13:09:45.421  3753  3921 V SamsungAlarmManager: Sending to uid : 1000 listener=android.app.AlarmManager$ListenerWrapper@5dd55ab alarm=Alarm{5537619 type 2 when 3619314273 android}
09-25 13:09:45.421  3753  3921 V SamsungAlarmManager: Sending to uid : 1000 listener=android.app.AlarmManager$ListenerWrapper@bb6a21c alarm=Alarm{2db16de type 2 when 3619314273 android}
09-25 13:09:45.422  3753  3921 V SamsungAlarmManager: Sending to uid : 1000 listener=android.app.AlarmManager$ListenerWrapper@c99c408 alarm=Alarm{5f490bf type 2 when 3619314273 android}
09-25 13:09:45.423  3753  3921 V SamsungAlarmManager: Sending to uid : 1000 listener=android.app.AlarmManager$ListenerWrapper@7c12aa2 alarm=Alarm{ff6038c type 2 when 3619314273 android}
09-25 13:09:45.424  3753  3921 V SamsungAlarmManager: Sending to uid : 1000 listener=android.app.AlarmManager$ListenerWrapper@fcfbe25 alarm=Alarm{b1c5ad5 type 2 when 3619314273 android}
09-25 13:09:45.424  3753  3921 V SamsungAlarmManager: Sending to uid : 1000 listener=android.app.AlarmManager$ListenerWrapper@629ee31 alarm=Alarm{47dc2ea type 2 when 3619348511 android}
09-25 13:09:45.425  3753  3986 I WifiConnectivityManager: start a single scan from watchdogHandler
09-25 13:09:45.425  3753  3986 I WifiConnectivityManager: scheduleWatchdogTimer
09-25 13:09:45.425  3753  3921 V SamsungAlarmManager: Sending to uid : 1000 listener=android.app.AlarmManager$ListenerWrapper@b7fab76 alarm=Alarm{5eb79db type 2 when 3619445139 android}
09-25 13:09:45.438  3753  7287 D CompatibilityInfo: mCompatibilityFlags - 0
09-25 13:09:45.438  3753  7287 D CompatibilityInfo: applicationDensity - 420
09-25 13:09:45.438  3753  7287 D CompatibilityInfo: applicationScale - 1.0
09-25 13:09:45.440  3753  3753 D SamsungAlarmManager: setInexact Listener (T:2/F:0/AC:false) 20170925T131045 - CU:1000/CP:3753
09-25 13:09:45.452  3753  3986 D SamsungAlarmManager: setInexact Listener (T:2/F:8/AC:false) 20170925T132945 - CU:1000/CP:3753
09-25 13:09:45.456 20844 20844 I wpa_supplicant: wlan0: Setting scan request: 0 sec 0 usec
09-25 13:09:45.457 20844 20844 I wpa_supplicant: P2P: Current p2p state = IDLE
09-25 13:09:45.467  3753  3753 D SamsungAlarmManager: setInexact Listener (T:2/F:0/AC:false) 20170925T131045 - CU:1000/CP:3753
09-25 13:09:45.472 28476 23853 I NetRec  : [22010] yje.b: Cancelling all NetRec GCM tasks
09-25 13:09:45.473  3753  3753 D SamsungAlarmManager: setInexact Listener (T:2/F:0/AC:false) 20170925T131045 - CU:1000/CP:3753
09-25 13:09:45.476 28476 23862 I NetRec  : [22011] ClearDatabaseService.onHandleIntent: Clearing score cache
09-25 13:09:45.484  3753  3753 D SamsungAlarmManager: setInexact Listener (T:2/F:0/AC:false) 20170925T131045 - CU:1000/CP:3753
09-25 13:09:45.488  3753 23223 D CompatibilityInfo: mCompatibilityFlags - 0
09-25 13:09:45.488  3753 23223 D CompatibilityInfo: applicationDensity - 420
09-25 13:09:45.488  3753 23223 D CompatibilityInfo: applicationScale - 1.0
09-25 13:09:45.512  3753  4018 D SamsungAlarmManager: setInexact Listener (T:2/F:8/AC:false) 20170925T131000 - CU:1000/CP:3753
09-25 13:09:45.513  3753  4018 I SamsungAlarmManager: setLocked to kernel - T:2 / 20170925T131000, SetElapsed=3619460246, nowELAPSED=3619445288
09-25 13:09:45.515 20844 20844 I wpa_supplicant: Scan requested (ret=0) - scan timeout 30 seconds
09-25 13:09:45.517  3753  3753 D SamsungAlarmManager: setInexact Listener (T:2/F:0/AC:false) 20170925T131045 - CU:1000/CP:3753
09-25 13:09:45.526  3753  3753 D SamsungAlarmManager: setInexact Listener (T:2/F:0/AC:false) 20170925T131045 - CU:1000/CP:3753
09-25 13:09:45.548  3753  3753 D SamsungAlarmManager: setInexact Listener (T:2/F:0/AC:false) 20170925T131045 - CU:1000/CP:3753
09-25 13:09:45.559  3753  3753 D SamsungAlarmManager: setInexact Listener (T:2/F:0/AC:false) 20170925T131045 - CU:1000/CP:3753
09-25 13:09:45.562  3753  7287 D CompatibilityInfo: mCompatibilityFlags - 0
09-25 13:09:45.562  3753  7287 D CompatibilityInfo: applicationDensity - 420
09-25 13:09:45.562  3753  7287 D CompatibilityInfo: applicationScale - 1.0
09-25 13:09:45.579  3753  3753 D SamsungAlarmManager: setInexact Listener (T:2/F:0/AC:false) 20170925T131045 - CU:1000/CP:3753
09-25 13:09:45.582  3753  3753 D SamsungAlarmManager: setInexact Listener (T:2/F:0/AC:false) 20170925T131045 - CU:1000/CP:3753
09-25 13:09:45.587  3753  3753 D SamsungAlarmManager: setInexact Listener (T:2/F:0/AC:false) 20170925T131045 - CU:1000/CP:3753
09-25 13:09:45.591  3753  3753 D SamsungAlarmManager: setInexact Listener (T:2/F:0/AC:false) 20170925T131045 - CU:1000/CP:3753
09-25 13:09:45.597  3753  3753 D SamsungAlarmManager: setInexact Listener (T:2/F:0/AC:false) 20170925T131045 - CU:1000/CP:3753
09-25 13:09:45.601  3753  3753 D SamsungAlarmManager: setInexact Listener (T:2/F:0/AC:false) 20170925T131045 - CU:1000/CP:3753
09-25 13:09:45.609  3753  5149 D CompatibilityInfo: mCompatibilityFlags - 0
09-25 13:09:45.609  3753  5149 D CompatibilityInfo: applicationDensity - 420
09-25 13:09:45.609  3753  5149 D CompatibilityInfo: applicationScale - 1.0
09-25 13:09:45.610  3753  3753 D SamsungAlarmManager: setInexact Listener (T:2/F:0/AC:false) 20170925T131045 - CU:1000/CP:3753
09-25 13:09:45.623 21221 23834 W OcrModelUpStIntentOp: Invalid action: com.google.android.gms.phenotype.COMMITTED
09-25 13:09:45.633  3753  3971 D CompatibilityInfo: mCompatibilityFlags - 0
09-25 13:09:45.633  3753  3971 D CompatibilityInfo: applicationDensity - 420
09-25 13:09:45.633  3753  3971 D CompatibilityInfo: applicationScale - 1.0
09-25 13:09:45.637  3753  3753 D SamsungAlarmManager: setInexact Listener (T:2/F:0/AC:false) 20170925T131538 - CU:1000/CP:3753
09-25 13:09:45.655  3753  3753 D CompatibilityInfo: mCompatibilityFlags - 0
09-25 13:09:45.656  3753  3753 D CompatibilityInfo: applicationDensity - 420
09-25 13:09:45.656  3753  3753 D CompatibilityInfo: applicationScale - 1.0
09-25 13:09:45.661 28476 23829 I PTCommittedOperation: Receive new configuration for com.google.android.gms.devicedoctor
09-25 13:09:45.662 28476 23829 I PTCommittedOperation: Running Fixer Framework for com.google.android.gms.devicedoctor
09-25 13:09:45.666  3753 32521 D CompatibilityInfo: mCompatibilityFlags - 0
09-25 13:09:45.666  3753 32521 D CompatibilityInfo: applicationDensity - 420
09-25 13:09:45.666  3753 32521 D CompatibilityInfo: applicationScale - 1.0
09-25 13:09:45.764  8108  8108 W SearchService: Abort, client detached.
09-25 13:09:45.764  3753  4581 D CompatibilityInfo: mCompatibilityFlags - 0
09-25 13:09:45.764  3753  4581 D CompatibilityInfo: applicationDensity - 420
09-25 13:09:45.765  3753  4581 D CompatibilityInfo: applicationScale - 1.0
09-25 13:09:45.784 28476 23853 I NetRec  : [22010] ConfigChangedIntentOperation.onHandleIntent: Handling a Phenotype update
09-25 13:09:45.785 28476 23853 I NetRec  : [22010] yje.b: onConfigChanged()
09-25 13:09:45.824  3753  4599 D CompatibilityInfo: mCompatibilityFlags - 0
09-25 13:09:45.824  3753  4599 D CompatibilityInfo: applicationDensity - 420
09-25 13:09:45.824  3753  4599 D CompatibilityInfo: applicationScale - 1.0
09-25 13:09:45.831 28476 23830 I NetRec  : [22009] ClearDatabaseService.onHandleIntent: Clearing score cache
09-25 13:09:45.832 28476 23853 I NetRec  : [22010] yje.b: Cancelling all NetRec GC